Archive member included to satisfy reference by file (symbol)

c:/st/stm32cubeide_1.12.1/stm32cubeide/plugins/com.st.stm32cube.ide.mcu.externaltools.gnu-tools-for-stm32.10.3-2021.10.win32_1.0.200.202301161003/tools/bin/../lib/gcc/arm-none-eabi/10.3.1/../../../../arm-none-eabi/lib/thumb/v7e-m+dp/hard\libc_nano.a(lib_a-errno.o)
                              ./Core/Src/syscalls.o (__errno)
c:/st/stm32cubeide_1.12.1/stm32cubeide/plugins/com.st.stm32cube.ide.mcu.externaltools.gnu-tools-for-stm32.10.3-2021.10.win32_1.0.200.202301161003/tools/bin/../lib/gcc/arm-none-eabi/10.3.1/../../../../arm-none-eabi/lib/thumb/v7e-m+dp/hard\libc_nano.a(lib_a-exit.o)
                              c:/st/stm32cubeide_1.12.1/stm32cubeide/plugins/com.st.stm32cube.ide.mcu.externaltools.gnu-tools-for-stm32.10.3-2021.10.win32_1.0.200.202301161003/tools/bin/../lib/gcc/arm-none-eabi/10.3.1/../../../../arm-none-eabi/lib/thumb/v7e-m+dp/hard/crt0.o (exit)
c:/st/stm32cubeide_1.12.1/stm32cubeide/plugins/com.st.stm32cube.ide.mcu.externaltools.gnu-tools-for-stm32.10.3-2021.10.win32_1.0.200.202301161003/tools/bin/../lib/gcc/arm-none-eabi/10.3.1/../../../../arm-none-eabi/lib/thumb/v7e-m+dp/hard\libc_nano.a(lib_a-impure.o)
                              c:/st/stm32cubeide_1.12.1/stm32cubeide/plugins/com.st.stm32cube.ide.mcu.externaltools.gnu-tools-for-stm32.10.3-2021.10.win32_1.0.200.202301161003/tools/bin/../lib/gcc/arm-none-eabi/10.3.1/../../../../arm-none-eabi/lib/thumb/v7e-m+dp/hard\libc_nano.a(lib_a-exit.o) (_global_impure_ptr)
c:/st/stm32cubeide_1.12.1/stm32cubeide/plugins/com.st.stm32cube.ide.mcu.externaltools.gnu-tools-for-stm32.10.3-2021.10.win32_1.0.200.202301161003/tools/bin/../lib/gcc/arm-none-eabi/10.3.1/../../../../arm-none-eabi/lib/thumb/v7e-m+dp/hard\libc_nano.a(lib_a-init.o)
                              c:/st/stm32cubeide_1.12.1/stm32cubeide/plugins/com.st.stm32cube.ide.mcu.externaltools.gnu-tools-for-stm32.10.3-2021.10.win32_1.0.200.202301161003/tools/bin/../lib/gcc/arm-none-eabi/10.3.1/../../../../arm-none-eabi/lib/thumb/v7e-m+dp/hard/crt0.o (__libc_init_array)
c:/st/stm32cubeide_1.12.1/stm32cubeide/plugins/com.st.stm32cube.ide.mcu.externaltools.gnu-tools-for-stm32.10.3-2021.10.win32_1.0.200.202301161003/tools/bin/../lib/gcc/arm-none-eabi/10.3.1/../../../../arm-none-eabi/lib/thumb/v7e-m+dp/hard\libc_nano.a(lib_a-memset.o)
                              c:/st/stm32cubeide_1.12.1/stm32cubeide/plugins/com.st.stm32cube.ide.mcu.externaltools.gnu-tools-for-stm32.10.3-2021.10.win32_1.0.200.202301161003/tools/bin/../lib/gcc/arm-none-eabi/10.3.1/../../../../arm-none-eabi/lib/thumb/v7e-m+dp/hard/crt0.o (memset)
c:/st/stm32cubeide_1.12.1/stm32cubeide/plugins/com.st.stm32cube.ide.mcu.externaltools.gnu-tools-for-stm32.10.3-2021.10.win32_1.0.200.202301161003/tools/bin/../lib/gcc/arm-none-eabi/10.3.1/../../../../arm-none-eabi/lib/thumb/v7e-m+dp/hard\libc_nano.a(lib_a-printf.o)
                              ./Core/Src/main.o (printf)
c:/st/stm32cubeide_1.12.1/stm32cubeide/plugins/com.st.stm32cube.ide.mcu.externaltools.gnu-tools-for-stm32.10.3-2021.10.win32_1.0.200.202301161003/tools/bin/../lib/gcc/arm-none-eabi/10.3.1/../../../../arm-none-eabi/lib/thumb/v7e-m+dp/hard\libc_nano.a(lib_a-findfp.o)
                              c:/st/stm32cubeide_1.12.1/stm32cubeide/plugins/com.st.stm32cube.ide.mcu.externaltools.gnu-tools-for-stm32.10.3-2021.10.win32_1.0.200.202301161003/tools/bin/../lib/gcc/arm-none-eabi/10.3.1/../../../../arm-none-eabi/lib/thumb/v7e-m+dp/hard\libc_nano.a(lib_a-printf.o) (__sinit)
c:/st/stm32cubeide_1.12.1/stm32cubeide/plugins/com.st.stm32cube.ide.mcu.externaltools.gnu-tools-for-stm32.10.3-2021.10.win32_1.0.200.202301161003/tools/bin/../lib/gcc/arm-none-eabi/10.3.1/../../../../arm-none-eabi/lib/thumb/v7e-m+dp/hard\libc_nano.a(lib_a-fwalk.o)
                              c:/st/stm32cubeide_1.12.1/stm32cubeide/plugins/com.st.stm32cube.ide.mcu.externaltools.gnu-tools-for-stm32.10.3-2021.10.win32_1.0.200.202301161003/tools/bin/../lib/gcc/arm-none-eabi/10.3.1/../../../../arm-none-eabi/lib/thumb/v7e-m+dp/hard\libc_nano.a(lib_a-findfp.o) (_fwalk)
c:/st/stm32cubeide_1.12.1/stm32cubeide/plugins/com.st.stm32cube.ide.mcu.externaltools.gnu-tools-for-stm32.10.3-2021.10.win32_1.0.200.202301161003/tools/bin/../lib/gcc/arm-none-eabi/10.3.1/../../../../arm-none-eabi/lib/thumb/v7e-m+dp/hard\libc_nano.a(lib_a-lock.o)
                              c:/st/stm32cubeide_1.12.1/stm32cubeide/plugins/com.st.stm32cube.ide.mcu.externaltools.gnu-tools-for-stm32.10.3-2021.10.win32_1.0.200.202301161003/tools/bin/../lib/gcc/arm-none-eabi/10.3.1/../../../../arm-none-eabi/lib/thumb/v7e-m+dp/hard\libc_nano.a(lib_a-findfp.o) (__retarget_lock_init_recursive)
c:/st/stm32cubeide_1.12.1/stm32cubeide/plugins/com.st.stm32cube.ide.mcu.externaltools.gnu-tools-for-stm32.10.3-2021.10.win32_1.0.200.202301161003/tools/bin/../lib/gcc/arm-none-eabi/10.3.1/../../../../arm-none-eabi/lib/thumb/v7e-m+dp/hard\libc_nano.a(lib_a-nano-mallocr.o)
[...]
Memory Configuration

Name             Origin             Length             Attributes
RAM_D1           0x0000000024000000 0x0000000000080000 xrw
FLASH            0x0000000008000000 0x0000000000100000 xr
DTCMRAM          0x0000000020000000 0x0000000000020000 xrw
RAM_D2           0x0000000030000000 0x0000000000048000 xrw
RAM_D3           0x0000000038000000 0x0000000000010000 xrw
ITCMRAM          0x0000000000000000 0x0000000000010000 xrw
*default*        0x0000000000000000 0xffffffffffffffff

Linker script and memory map

LOAD c:/st/stm32cubeide_1.12.1/stm32cubeide/plugins/com.st.stm32cube.ide.mcu.externaltools.gnu-tools-for-stm32.10.3-2021.10.win32_1.0.200.202301161003/tools/bin/../lib/gcc/arm-none-eabi/10.3.1/thumb/v7e-m+dp/hard/crti.o
LOAD c:/st/stm32cubeide_1.12.1/stm32cubeide/plugins/com.st.stm32cube.ide.mcu.externaltools.gnu-tools-for-stm32.10.3-2021.10.win32_1.0.200.202301161003/tools/bin/../lib/gcc/arm-none-eabi/10.3.1/thumb/v7e-m+dp/hard/crtbegin.o
LOAD c:/st/stm32cubeide_1.12.1/stm32cubeide/plugins/com.st.stm32cube.ide.mcu.externaltools.gnu-tools-for-stm32.10.3-2021.10.win32_1.0.200.202301161003/tools/bin/../lib/gcc/arm-none-eabi/10.3.1/../../../../arm-none-eabi/lib/thumb/v7e-m+dp/hard/crt0.o
LOAD ./Common/Src/system_stm32h7xx_dualcore_boot_cm4_cm7.o
LOAD ./Core/Src/gpio.o
LOAD ./Core/Src/main.o
LOAD ./Core/Src/stm32h7xx_hal_msp.o
LOAD ./Core/Src/stm32h7xx_it.o
LOAD ./Core/Src/syscalls.o
LOAD ./Core/Src/sysmem.o
LOAD ./Core/Src/usart.o
LOAD ./Core/Startup/startup_stm32h747xihx.o
LOAD ./Drivers/STM32H7xx_HAL_Driver/stm32h7xx_hal.o
LOAD ./Drivers/STM32H7xx_HAL_Driver/stm32h7xx_hal_cortex.o
LOAD ./Drivers/STM32H7xx_HAL_Driver/stm32h7xx_hal_dma.o
LOAD ./Drivers/STM32H7xx_HAL_Driver/stm32h7xx_hal_dma_ex.o
LOAD ./Drivers/STM32H7xx_HAL_Driver/stm32h7xx_hal_exti.o
LOAD ./Drivers/STM32H7xx_HAL_Driver/stm32h7xx_hal_flash.o
LOAD ./Drivers/STM32H7xx_HAL_Driver/stm32h7xx_hal_flash_ex.o
LOAD ./Drivers/STM32H7xx_HAL_Driver/stm32h7xx_hal_gpio.o
LOAD ./Drivers/STM32H7xx_HAL_Driver/stm32h7xx_hal_hsem.o
LOAD ./Drivers/STM32H7xx_HAL_Driver/stm32h7xx_hal_i2c.o
LOAD ./Drivers/STM32H7xx_HAL_Driver/stm32h7xx_hal_i2c_ex.o
LOAD ./Drivers/STM32H7xx_HAL_Driver/stm32h7xx_hal_mdma.o
LOAD ./Drivers/STM32H7xx_HAL_Driver/stm32h7xx_hal_pwr.o
LOAD ./Drivers/STM32H7xx_HAL_Driver/stm32h7xx_hal_pwr_ex.o
LOAD ./Drivers/STM32H7xx_HAL_Driver/stm32h7xx_hal_rcc.o
LOAD ./Drivers/STM32H7xx_HAL_Driver/stm32h7xx_hal_rcc_ex.o
LOAD ./Drivers/STM32H7xx_HAL_Driver/stm32h7xx_hal_tim.o
LOAD ./Drivers/STM32H7xx_HAL_Driver/stm32h7xx_hal_tim_ex.o
LOAD ./Drivers/STM32H7xx_HAL_Driver/stm32h7xx_hal_uart.o
LOAD ./Drivers/STM32H7xx_HAL_Driver/stm32h7xx_hal_uart_ex.o
START GROUP
LOAD c:/st/stm32cubeide_1.12.1/stm32cubeide/plugins/com.st.stm32cube.ide.mcu.externaltools.gnu-tools-for-stm32.10.3-2021.10.win32_1.0.200.202301161003/tools/bin/../lib/gcc/arm-none-eabi/10.3.1/../../../../arm-none-eabi/lib/thumb/v7e-m+dp/hard\libstdc++_nano.a
LOAD c:/st/stm32cubeide_1.12.1/stm32cubeide/plugins/com.st.stm32cube.ide.mcu.externaltools.gnu-tools-for-stm32.10.3-2021.10.win32_1.0.200.202301161003/tools/bin/../lib/gcc/arm-none-eabi/10.3.1/../../../../arm-none-eabi/lib/thumb/v7e-m+dp/hard\libsupc++_nano.a
END GROUP
LOAD c:/st/stm32cubeide_1.12.1/stm32cubeide/plugins/com.st.stm32cube.ide.mcu.externaltools.gnu-tools-for-stm32.10.3-2021.10.win32_1.0.200.202301161003/tools/bin/../lib/gcc/arm-none-eabi/10.3.1/../../../../arm-none-eabi/lib/thumb/v7e-m+dp/hard\libstdc++_nano.a
LOAD c:/st/stm32cubeide_1.12.1/stm32cubeide/plugins/com.st.stm32cube.ide.mcu.externaltools.gnu-tools-for-stm32.10.3-2021.10.win32_1.0.200.202301161003/tools/bin/../lib/gcc/arm-none-eabi/10.3.1/../../../../arm-none-eabi/lib/thumb/v7e-m+dp/hard\libm.a
LOAD c:/st/stm32cubeide_1.12.1/stm32cubeide/plugins/com.st.stm32cube.ide.mcu.externaltools.gnu-tools-for-stm32.10.3-2021.10.win32_1.0.200.202301161003/tools/bin/../lib/gcc/arm-none-eabi/10.3.1/../../../../arm-none-eabi/lib/thumb/v7e-m+dp/hard\libc_nano.a
START GROUP
LOAD c:/st/stm32cubeide_1.12.1/stm32cubeide/plugins/com.st.stm32cube.ide.mcu.externaltools.gnu-tools-for-stm32.10.3-2021.10.win32_1.0.200.202301161003/tools/bin/../lib/gcc/arm-none-eabi/10.3.1/thumb/v7e-m+dp/hard\libgcc.a
LOAD c:/st/stm32cubeide_1.12.1/stm32cubeide/plugins/com.st.stm32cube.ide.mcu.externaltools.gnu-tools-for-stm32.10.3-2021.10.win32_1.0.200.202301161003/tools/bin/../lib/gcc/arm-none-eabi/10.3.1/../../../../arm-none-eabi/lib/thumb/v7e-m+dp/hard\libc_nano.a
END GROUP
START GROUP
LOAD c:/st/stm32cubeide_1.12.1/stm32cubeide/plugins/com.st.stm32cube.ide.mcu.externaltools.gnu-tools-for-stm32.10.3-2021.10.win32_1.0.200.202301161003/tools/bin/../lib/gcc/arm-none-eabi/10.3.1/thumb/v7e-m+dp/hard\libgcc.a
LOAD c:/st/stm32cubeide_1.12.1/stm32cubeide/plugins/com.st.stm32cube.ide.mcu.externaltools.gnu-tools-for-stm32.10.3-2021.10.win32_1.0.200.202301161003/tools/bin/../lib/gcc/arm-none-eabi/10.3.1/../../../../arm-none-eabi/lib/thumb/v7e-m+dp/hard\libc_nano.a
LOAD c:/st/stm32cubeide_1.12.1/stm32cubeide/plugins/com.st.stm32cube.ide.mcu.externaltools.gnu-tools-for-stm32.10.3-2021.10.win32_1.0.200.202301161003/tools/bin/../lib/gcc/arm-none-eabi/10.3.1/../../../../arm-none-eabi/lib/thumb/v7e-m+dp/hard\libnosys.a
END GROUP
START GROUP
LOAD c:/st/stm32cubeide_1.12.1/stm32cubeide/plugins/com.st.stm32cube.ide.mcu.externaltools.gnu-tools-for-stm32.10.3-2021.10.win32_1.0.200.202301161003/tools/bin/../lib/gcc/arm-none-eabi/10.3.1/thumb/v7e-m+dp/hard\libgcc.a
LOAD c:/st/stm32cubeide_1.12.1/stm32cubeide/plugins/com.st.stm32cube.ide.mcu.externaltools.gnu-tools-for-stm32.10.3-2021.10.win32_1.0.200.202301161003/tools/bin/../lib/gcc/arm-none-eabi/10.3.1/../../../../arm-none-eabi/lib/thumb/v7e-m+dp/hard\libc_nano.a
LOAD c:/st/stm32cubeide_1.12.1/stm32cubeide/plugins/com.st.stm32cube.ide.mcu.externaltools.gnu-tools-for-stm32.10.3-2021.10.win32_1.0.200.202301161003/tools/bin/../lib/gcc/arm-none-eabi/10.3.1/../../../../arm-none-eabi/lib/thumb/v7e-m+dp/hard\libnosys.a
END GROUP
LOAD c:/st/stm32cubeide_1.12.1/stm32cubeide/plugins/com.st.stm32cube.ide.mcu.externaltools.gnu-tools-for-stm32.10.3-2021.10.win32_1.0.200.202301161003/tools/bin/../lib/gcc/arm-none-eabi/10.3.1/thumb/v7e-m+dp/hard/crtend.o
LOAD c:/st/stm32cubeide_1.12.1/stm32cubeide/plugins/com.st.stm32cube.ide.mcu.externaltools.gnu-tools-for-stm32.10.3-2021.10.win32_1.0.200.202301161003/tools/bin/../lib/gcc/arm-none-eabi/10.3.1/thumb/v7e-m+dp/hard/crtn.o
                0x0000000024080000                _estack = (ORIGIN (RAM_D1) + LENGTH (RAM_D1))
                0x0000000000000200                _Min_Heap_Size = 0x200
                0x0000000000000400                _Min_Stack_Size = 0x400

.isr_vector     0x0000000008000000      0x298
                0x0000000008000000                . = ALIGN (0x4)
 *(.isr_vector)
 .isr_vector    0x0000000008000000      0x298 ./Core/Startup/startup_stm32h747xihx.o
                0x0000000008000000                g_pfnVectors
                0x0000000008000298                . = ALIGN (0x4)

.text           0x00000000080002a0     0x613c
                0x00000000080002a0                . = ALIGN (0x4)
 *(.text)
 .text          0x00000000080002a0       0x40 c:/st/stm32cubeide_1.12.1/stm32cubeide/plugins/com.st.stm32cube.ide.mcu.externaltools.gnu-tools-for-stm32.10.3-2021.10.win32_1.0.200.202301161003/tools/bin/../lib/gcc/arm-none-eabi/10.3.1/thumb/v7e-m+dp/hard/crtbegin.o
 .text          0x00000000080002e0       0xa0 c:/st/stm32cubeide_1.12.1/stm32cubeide/plugins/com.st.stm32cube.ide.mcu.externaltools.gnu-tools-for-stm32.10.3-2021.10.win32_1.0.200.202301161003/tools/bin/../lib/gcc/arm-none-eabi/10.3.1/../../../../arm-none-eabi/lib/thumb/v7e-m+dp/hard\libc_nano.a(lib_a-memchr.o)
                0x00000000080002e0                memchr
 .text          0x0000000008000380       0x30 c:/st/stm32cubeide_1.12.1/stm32cubeide/plugins/com.st.stm32cube.ide.mcu.externaltools.gnu-tools-for-stm32.10.3-2021.10.win32_1.0.200.202301161003/tools/bin/../lib/gcc/arm-none-eabi/10.3.1/thumb/v7e-m+dp/hard\libgcc.a(_aeabi_uldivmod.o)
                0x0000000008000380                __aeabi_uldivmod
 .text          0x00000000080003b0      0x2d0 c:/st/stm32cubeide_1.12.1/stm32cubeide/plugins/com.st.stm32cube.ide.mcu.externaltools.gnu-tools-for-stm32.10.3-2021.10.win32_1.0.200.202301161003/tools/bin/../lib/gcc/arm-none-eabi/10.3.1/thumb/v7e-m+dp/hard\libgcc.a(_udivmoddi4.o)
                0x00000000080003b0                __udivmoddi4
 .text          0x0000000008000680        0x4 c:/st/stm32cubeide_1.12.1/stm32cubeide/plugins/com.st.stm32cube.ide.mcu.externaltools.gnu-tools-for-stm32.10.3-2021.10.win32_1.0.200.202301161003/tools/bin/../lib/gcc/arm-none-eabi/10.3.1/thumb/v7e-m+dp/hard\libgcc.a(_dvmd_tls.o)
                0x0000000008000680                __aeabi_idiv0
                0x0000000008000680                __aeabi_ldiv0
 *(.text*)
 .text.SystemInit
                0x0000000008000684      0x12c ./Common/Src/system_stm32h7xx_dualcore_boot_cm4_cm7.o
                0x0000000008000684                SystemInit
 .text.MX_GPIO_Init
                0x00000000080007b0       0x34 ./Core/Src/gpio.o
                0x00000000080007b0                MX_GPIO_Init
 .text._write   0x00000000080007e4       0x2c ./Core/Src/main.o
                0x00000000080007e4                _write
 .text.main     0x0000000008000810       0xd8 ./Core/Src/main.o
                0x0000000008000810                main
 .text.SystemClock_Config
                0x00000000080008e8       0xd0 ./Core/Src/main.o
                0x00000000080008e8                SystemClock_Config
 .text.Error_Handler
                0x00000000080009b8        0xa ./Core/Src/main.o
                0x00000000080009b8                Error_Handler
 *fill*         0x00000000080009c2        0x2 
 .text.HAL_MspInit
                0x00000000080009c4       0x34 ./Core/Src/stm32h7xx_hal_msp.o
                0x00000000080009c4                HAL_MspInit
 .text.NMI_Handler
                0x00000000080009f8        0x6 ./Core/Src/stm32h7xx_it.o
                0x00000000080009f8                NMI_Handler
 .text.HardFault_Handler
                0x00000000080009fe        0x6 ./Core/Src/stm32h7xx_it.o
                0x00000000080009fe                HardFault_Handler
 .text.MemManage_Handler
                0x0000000008000a04        0x6 ./Core/Src/stm32h7xx_it.o
                0x0000000008000a04                MemManage_Handler
 .text.BusFault_Handler
                0x0000000008000a0a        0x6 ./Core/Src/stm32h7xx_it.o
                0x0000000008000a0a                BusFault_Handler
 .text.UsageFault_Handler
                0x0000000008000a10        0x6 ./Core/Src/stm32h7xx_it.o
                0x0000000008000a10                UsageFault_Handler
 .text.SVC_Handler
                0x0000000008000a16        0xe ./Core/Src/stm32h7xx_it.o
                0x0000000008000a16                SVC_Handler
 .text.DebugMon_Handler
                0x0000000008000a24        0xe ./Core/Src/stm32h7xx_it.o
                0x0000000008000a24                DebugMon_Handler
 .text.PendSV_Handler
                0x0000000008000a32        0xe ./Core/Src/stm32h7xx_it.o
                0x0000000008000a32                PendSV_Handler
 .text.SysTick_Handler
                0x0000000008000a40        0xc ./Core/Src/stm32h7xx_it.o
                0x0000000008000a40                SysTick_Handler
 .text._read    0x0000000008000a4c       0x3a ./Core/Src/syscalls.o
                0x0000000008000a4c                _read
 .text._close   0x0000000008000a86       0x18 ./Core/Src/syscalls.o
                0x0000000008000a86                _close
 .text._fstat   0x0000000008000a9e       0x20 ./Core/Src/syscalls.o
                0x0000000008000a9e                _fstat
 .text._isatty  0x0000000008000abe       0x16 ./Core/Src/syscalls.o
                0x0000000008000abe                _isatty
 .text._lseek   0x0000000008000ad4       0x1a ./Core/Src/syscalls.o
                0x0000000008000ad4                _lseek
 *fill*         0x0000000008000aee        0x2 
 .text._sbrk    0x0000000008000af0       0x6c ./Core/Src/sysmem.o
                0x0000000008000af0                _sbrk
 .text.MX_USART1_UART_Init
                0x0000000008000b5c       0x98 ./Core/Src/usart.o
                0x0000000008000b5c                MX_USART1_UART_Init
 .text.HAL_UART_MspInit
                0x0000000008000bf4       0xd4 ./Core/Src/usart.o
                0x0000000008000bf4                HAL_UART_MspInit
 .text.Reset_Handler
                0x0000000008000cc8       0x50 ./Core/Startup/startup_stm32h747xihx.o
                0x0000000008000cc8                Reset_Handler
 .text.Default_Handler
                0x0000000008000d18        0x2 ./Core/Startup/startup_stm32h747xihx.o
                0x0000000008000d18                RTC_Alarm_IRQHandler
                0x0000000008000d18                EXTI2_IRQHandler
                0x0000000008000d18                TIM8_CC_IRQHandler
                0x0000000008000d18                HRTIM1_Master_IRQHandler
                0x0000000008000d18                UART8_IRQHandler
                0x0000000008000d18                SPI4_IRQHandler
                0x0000000008000d18                TIM1_CC_IRQHandler
                0x0000000008000d18                BDMA_Channel6_IRQHandler
                0x0000000008000d18                DMA2_Stream5_IRQHandler
                0x0000000008000d18                HRTIM1_FLT_IRQHandler
                0x0000000008000d18                JPEG_IRQHandler
                0x0000000008000d18                DMA1_Stream5_IRQHandler
                0x0000000008000d18                BDMA_Channel1_IRQHandler
                0x0000000008000d18                HRTIM1_TIMD_IRQHandler
                0x0000000008000d18                TAMP_STAMP_IRQHandler
                0x0000000008000d18                EXTI3_IRQHandler
                0x0000000008000d18                LPTIM4_IRQHandler
                0x0000000008000d18                TIM8_TRG_COM_TIM14_IRQHandler
                0x0000000008000d18                LPTIM2_IRQHandler
                0x0000000008000d18                DFSDM1_FLT1_IRQHandler
                0x0000000008000d18                DMAMUX2_OVR_IRQHandler
                0x0000000008000d18                TIM8_UP_TIM13_IRQHandler
                0x0000000008000d18                I2C3_ER_IRQHandler
                0x0000000008000d18                DFSDM1_FLT2_IRQHandler
                0x0000000008000d18                MDMA_IRQHandler
                0x0000000008000d18                LPTIM3_IRQHandler
                0x0000000008000d18                HSEM1_IRQHandler
                0x0000000008000d18                EXTI0_IRQHandler
                0x0000000008000d18                I2C2_EV_IRQHandler
                0x0000000008000d18                DMA1_Stream2_IRQHandler
                0x0000000008000d18                FPU_IRQHandler
                0x0000000008000d18                OTG_HS_WKUP_IRQHandler
                0x0000000008000d18                FDCAN1_IT1_IRQHandler
                0x0000000008000d18                LTDC_ER_IRQHandler
                0x0000000008000d18                DMA2_Stream2_IRQHandler
                0x0000000008000d18                HRTIM1_TIME_IRQHandler
                0x0000000008000d18                SPI1_IRQHandler
                0x0000000008000d18                TIM6_DAC_IRQHandler
                0x0000000008000d18                DCMI_IRQHandler
                0x0000000008000d18                HRTIM1_TIMC_IRQHandler
                0x0000000008000d18                DMA2_Stream3_IRQHandler
                0x0000000008000d18                SAI2_IRQHandler
                0x0000000008000d18                DFSDM1_FLT3_IRQHandler
                0x0000000008000d18                USART6_IRQHandler
                0x0000000008000d18                TIM17_IRQHandler
                0x0000000008000d18                USART3_IRQHandler
                0x0000000008000d18                BDMA_Channel7_IRQHandler
                0x0000000008000d18                LPTIM5_IRQHandler
                0x0000000008000d18                UART5_IRQHandler
                0x0000000008000d18                ADC3_IRQHandler
                0x0000000008000d18                DMA2_Stream0_IRQHandler
                0x0000000008000d18                TIM4_IRQHandler
                0x0000000008000d18                BDMA_Channel2_IRQHandler
                0x0000000008000d18                QUADSPI_IRQHandler
                0x0000000008000d18                I2C1_EV_IRQHandler
                0x0000000008000d18                DMA1_Stream6_IRQHandler
                0x0000000008000d18                DMAMUX1_OVR_IRQHandler
                0x0000000008000d18                DMA1_Stream1_IRQHandler
                0x0000000008000d18                TIM16_IRQHandler
                0x0000000008000d18                UART4_IRQHandler
                0x0000000008000d18                BDMA_Channel5_IRQHandler
                0x0000000008000d18                TIM3_IRQHandler
                0x0000000008000d18                RCC_IRQHandler
                0x0000000008000d18                TIM8_BRK_TIM12_IRQHandler
                0x0000000008000d18                TIM1_TRG_COM_IRQHandler
                0x0000000008000d18                Default_Handler
                0x0000000008000d18                ECC_IRQHandler
                0x0000000008000d18                CEC_IRQHandler
                0x0000000008000d18                EXTI15_10_IRQHandler
                0x0000000008000d18                BDMA_Channel0_IRQHandler
                0x0000000008000d18                ADC_IRQHandler
                0x0000000008000d18                DMA1_Stream7_IRQHandler
                0x0000000008000d18                HRTIM1_TIMA_IRQHandler
                0x0000000008000d18                SPI5_IRQHandler
                0x0000000008000d18                TIM7_IRQHandler
                0x0000000008000d18                SDMMC1_IRQHandler
                0x0000000008000d18                TIM5_IRQHandler
                0x0000000008000d18                DMA2_Stream7_IRQHandler
                0x0000000008000d18                TIM15_IRQHandler
                0x0000000008000d18                PVD_AVD_IRQHandler
                0x0000000008000d18                I2C3_EV_IRQHandler
                0x0000000008000d18                EXTI9_5_IRQHandler
                0x0000000008000d18                RTC_WKUP_IRQHandler
                0x0000000008000d18                LTDC_IRQHandler
                0x0000000008000d18                SAI3_IRQHandler
                0x0000000008000d18                ETH_WKUP_IRQHandler
                0x0000000008000d18                SPDIF_RX_IRQHandler
                0x0000000008000d18                SPI2_IRQHandler
                0x0000000008000d18                OTG_HS_EP1_IN_IRQHandler
                0x0000000008000d18                DMA1_Stream0_IRQHandler
                0x0000000008000d18                CRS_IRQHandler
                0x0000000008000d18                CM7_SEV_IRQHandler
                0x0000000008000d18                EXTI4_IRQHandler
                0x0000000008000d18                RNG_IRQHandler
                0x0000000008000d18                CM4_SEV_IRQHandler
                0x0000000008000d18                HRTIM1_TIMB_IRQHandler
                0x0000000008000d18                FDCAN2_IT1_IRQHandler
                0x0000000008000d18                DSI_IRQHandler
                0x0000000008000d18                ETH_IRQHandler
                0x0000000008000d18                TIM1_UP_IRQHandler
                0x0000000008000d18                WWDG_RST_IRQHandler
                0x0000000008000d18                BDMA_Channel4_IRQHandler
                0x0000000008000d18                OTG_HS_EP1_OUT_IRQHandler
                0x0000000008000d18                WWDG_IRQHandler
                0x0000000008000d18                SPI6_IRQHandler
                0x0000000008000d18                MDIOS_IRQHandler
                0x0000000008000d18                I2C4_EV_IRQHandler
                0x0000000008000d18                FDCAN2_IT0_IRQHandler
                0x0000000008000d18                LPUART1_IRQHandler
                0x0000000008000d18                FDCAN1_IT0_IRQHandler
                0x0000000008000d18                TIM2_IRQHandler
                0x0000000008000d18                OTG_FS_WKUP_IRQHandler
                0x0000000008000d18                OTG_HS_IRQHandler
                0x0000000008000d18                HSEM2_IRQHandler
                0x0000000008000d18                DMA2D_IRQHandler
                0x0000000008000d18                TIM1_BRK_IRQHandler
                0x0000000008000d18                EXTI1_IRQHandler
                0x0000000008000d18                SDMMC2_IRQHandler
                0x0000000008000d18                OTG_FS_EP1_OUT_IRQHandler
                0x0000000008000d18                BDMA_Channel3_IRQHandler
                0x0000000008000d18                HOLD_CORE_IRQHandler
                0x0000000008000d18                UART7_IRQHandler
                0x0000000008000d18                MDIOS_WKUP_IRQHandler
                0x0000000008000d18                USART2_IRQHandler
                0x0000000008000d18                DFSDM1_FLT0_IRQHandler
                0x0000000008000d18                SAI4_IRQHandler
                0x0000000008000d18                I2C2_ER_IRQHandler
                0x0000000008000d18                DMA2_Stream1_IRQHandler
                0x0000000008000d18                FLASH_IRQHandler
                0x0000000008000d18                DMA2_Stream4_IRQHandler
                0x0000000008000d18                USART1_IRQHandler
                0x0000000008000d18                OTG_FS_IRQHandler
                0x0000000008000d18                SPI3_IRQHandler
                0x0000000008000d18                WAKEUP_PIN_IRQHandler
                0x0000000008000d18                DMA1_Stream4_IRQHandler
                0x0000000008000d18                OTG_FS_EP1_IN_IRQHandler
                0x0000000008000d18                I2C1_ER_IRQHandler
                0x0000000008000d18                FMC_IRQHandler
                0x0000000008000d18                FDCAN_CAL_IRQHandler
                0x0000000008000d18                SWPMI1_IRQHandler
                0x0000000008000d18                COMP1_IRQHandler
                0x0000000008000d18                LPTIM1_IRQHandler
                0x0000000008000d18                I2C4_ER_IRQHandler
                0x0000000008000d18                DMA2_Stream6_IRQHandler
                0x0000000008000d18                SAI1_IRQHandler
                0x0000000008000d18                DMA1_Stream3_IRQHandler
 *fill*         0x0000000008000d1a        0x2 
 .text.HAL_Init
                0x0000000008000d1c       0x78 ./Drivers/STM32H7xx_HAL_Driver/stm32h7xx_hal.o
                0x0000000008000d1c                HAL_Init
 .text.HAL_InitTick
                0x0000000008000d94       0x6c ./Drivers/STM32H7xx_HAL_Driver/stm32h7xx_hal.o
                0x0000000008000d94                HAL_InitTick
 .text.HAL_IncTick
                0x0000000008000e00       0x28 ./Drivers/STM32H7xx_HAL_Driver/stm32h7xx_hal.o
                0x0000000008000e00                HAL_IncTick
 .text.HAL_GetTick
                0x0000000008000e28       0x18 ./Drivers/STM32H7xx_HAL_Driver/stm32h7xx_hal.o
                0x0000000008000e28                HAL_GetTick
 .text.HAL_Delay
                0x0000000008000e40       0x48 ./Drivers/STM32H7xx_HAL_Driver/stm32h7xx_hal.o
                0x0000000008000e40                HAL_Delay
 .text.HAL_GetREVID
                0x0000000008000e88       0x18 ./Drivers/STM32H7xx_HAL_Driver/stm32h7xx_hal.o
                0x0000000008000e88                HAL_GetREVID
 .text.__NVIC_SetPriorityGrouping
                0x0000000008000ea0       0x48 ./Drivers/STM32H7xx_HAL_Driver/stm32h7xx_hal_cortex.o
 .text.__NVIC_GetPriorityGrouping
                0x0000000008000ee8       0x1c ./Drivers/STM32H7xx_HAL_Driver/stm32h7xx_hal_cortex.o
 .text.__NVIC_SetPriority
                0x0000000008000f04       0x54 ./Drivers/STM32H7xx_HAL_Driver/stm32h7xx_hal_cortex.o
 .text.NVIC_EncodePriority
                0x0000000008000f58       0x66 ./Drivers/STM32H7xx_HAL_Driver/stm32h7xx_hal_cortex.o
 *fill*         0x0000000008000fbe        0x2 
 .text.SysTick_Config
                0x0000000008000fc0       0x44 ./Drivers/STM32H7xx_HAL_Driver/stm32h7xx_hal_cortex.o
 .text.HAL_NVIC_SetPriorityGrouping
                0x0000000008001004       0x16 ./Drivers/STM32H7xx_HAL_Driver/stm32h7xx_hal_cortex.o
                0x0000000008001004                HAL_NVIC_SetPriorityGrouping
 .text.HAL_NVIC_SetPriority
                0x000000000800101a       0x34 ./Drivers/STM32H7xx_HAL_Driver/stm32h7xx_hal_cortex.o
                0x000000000800101a                HAL_NVIC_SetPriority
 .text.HAL_SYSTICK_Config
                0x000000000800104e       0x18 ./Drivers/STM32H7xx_HAL_Driver/stm32h7xx_hal_cortex.o
                0x000000000800104e                HAL_SYSTICK_Config
 *fill*         0x0000000008001066        0x2 
 .text.HAL_GPIO_Init
                0x0000000008001068      0x360 ./Drivers/STM32H7xx_HAL_Driver/stm32h7xx_hal_gpio.o
                0x0000000008001068                HAL_GPIO_Init
 .text.HAL_HSEM_FastTake
                0x00000000080013c8       0x34 ./Drivers/STM32H7xx_HAL_Driver/stm32h7xx_hal_hsem.o
                0x00000000080013c8                HAL_HSEM_FastTake
 .text.HAL_HSEM_Release
                0x00000000080013fc       0x28 ./Drivers/STM32H7xx_HAL_Driver/stm32h7xx_hal_hsem.o
                0x00000000080013fc                HAL_HSEM_Release
 .text.HAL_PWREx_ConfigSupply
                0x0000000008001424       0xb4 ./Drivers/STM32H7xx_HAL_Driver/stm32h7xx_hal_pwr_ex.o
                0x0000000008001424                HAL_PWREx_ConfigSupply
 .text.HAL_RCC_OscConfig
                0x00000000080014d8      0x8b4 ./Drivers/STM32H7xx_HAL_Driver/stm32h7xx_hal_rcc.o
                0x00000000080014d8                HAL_RCC_OscConfig
 .text.HAL_RCC_ClockConfig
                0x0000000008001d8c      0x36c ./Drivers/STM32H7xx_HAL_Driver/stm32h7xx_hal_rcc.o
                0x0000000008001d8c                HAL_RCC_ClockConfig
 .text.HAL_RCC_GetSysClockFreq
                0x00000000080020f8      0x2f4 ./Drivers/STM32H7xx_HAL_Driver/stm32h7xx_hal_rcc.o
                0x00000000080020f8                HAL_RCC_GetSysClockFreq
 .text.HAL_RCC_GetHCLKFreq
                0x00000000080023ec       0x60 ./Drivers/STM32H7xx_HAL_Driver/stm32h7xx_hal_rcc.o
                0x00000000080023ec                HAL_RCC_GetHCLKFreq
 .text.HAL_RCC_GetPCLK1Freq
                0x000000000800244c       0x2c ./Drivers/STM32H7xx_HAL_Driver/stm32h7xx_hal_rcc.o
                0x000000000800244c                HAL_RCC_GetPCLK1Freq
 .text.HAL_RCC_GetPCLK2Freq
                0x0000000008002478       0x2c ./Drivers/STM32H7xx_HAL_Driver/stm32h7xx_hal_rcc.o
                0x0000000008002478                HAL_RCC_GetPCLK2Freq
 .text.HAL_RCCEx_PeriphCLKConfig
                0x00000000080024a4     0x1494 ./Drivers/STM32H7xx_HAL_Driver/stm32h7xx_hal_rcc_ex.o
                0x00000000080024a4                HAL_RCCEx_PeriphCLKConfig
 .text.HAL_RCCEx_GetD3PCLK1Freq
                0x0000000008003938       0x2c ./Drivers/STM32H7xx_HAL_Driver/stm32h7xx_hal_rcc_ex.o
                0x0000000008003938                HAL_RCCEx_GetD3PCLK1Freq
 .text.HAL_RCCEx_GetPLL2ClockFreq
                0x0000000008003964      0x2a8 ./Drivers/STM32H7xx_HAL_Driver/stm32h7xx_hal_rcc_ex.o
                0x0000000008003964                HAL_RCCEx_GetPLL2ClockFreq
 .text.HAL_RCCEx_GetPLL3ClockFreq
                0x0000000008003c0c      0x2a8 ./Drivers/STM32H7xx_HAL_Driver/stm32h7xx_hal_rcc_ex.o
                0x0000000008003c0c                HAL_RCCEx_GetPLL3ClockFreq
 .text.RCCEx_PLL2_Config
                0x0000000008003eb4      0x164 ./Drivers/STM32H7xx_HAL_Driver/stm32h7xx_hal_rcc_ex.o
 .text.RCCEx_PLL3_Config
                0x0000000008004018      0x164 ./Drivers/STM32H7xx_HAL_Driver/stm32h7xx_hal_rcc_ex.o
 .text.HAL_UART_Init
                0x000000000800417c       0xa0 ./Drivers/STM32H7xx_HAL_Driver/stm32h7xx_hal_uart.o
                0x000000000800417c                HAL_UART_Init
 .text.HAL_UART_Transmit
                0x000000000800421c      0x11c ./Drivers/STM32H7xx_HAL_Driver/stm32h7xx_hal_uart.o
                0x000000000800421c                HAL_UART_Transmit
 .text.UART_SetConfig
                0x0000000008004338      0xad0 ./Drivers/STM32H7xx_HAL_Driver/stm32h7xx_hal_uart.o
                0x0000000008004338                UART_SetConfig
 .text.UART_AdvFeatureConfig
                0x0000000008004e08      0x144 ./Drivers/STM32H7xx_HAL_Driver/stm32h7xx_hal_uart.o
                0x0000000008004e08                UART_AdvFeatureConfig
 .text.UART_CheckIdleState
                0x0000000008004f4c      0x154 ./Drivers/STM32H7xx_HAL_Driver/stm32h7xx_hal_uart.o
                0x0000000008004f4c                UART_CheckIdleState
 .text.UART_WaitOnFlagUntilTimeout
                0x00000000080050a0       0xce ./Drivers/STM32H7xx_HAL_Driver/stm32h7xx_hal_uart.o
                0x00000000080050a0                UART_WaitOnFlagUntilTimeout
 *fill*         0x000000000800516e        0x2 
 .text.UART_EndRxTransfer
                0x0000000008005170       0xcc ./Drivers/STM32H7xx_HAL_Driver/stm32h7xx_hal_uart.o
 .text.HAL_UARTEx_DisableFifoMode
                0x000000000800523c       0x72 ./Drivers/STM32H7xx_HAL_Driver/stm32h7xx_hal_uart_ex.o
                0x000000000800523c                HAL_UARTEx_DisableFifoMode
 .text.HAL_UARTEx_SetTxFifoThreshold
                0x00000000080052ae       0x7c ./Drivers/STM32H7xx_HAL_Driver/stm32h7xx_hal_uart_ex.o
                0x00000000080052ae                HAL_UARTEx_SetTxFifoThreshold
 .text.HAL_UARTEx_SetRxFifoThreshold
                0x000000000800532a       0x7c ./Drivers/STM32H7xx_HAL_Driver/stm32h7xx_hal_uart_ex.o
                0x000000000800532a                HAL_UARTEx_SetRxFifoThreshold
 *fill*         0x00000000080053a6        0x2 
 .text.UARTEx_SetNbDataToProcess
                0x00000000080053a8       0x9c ./Drivers/STM32H7xx_HAL_Driver/stm32h7xx_hal_uart_ex.o
 .text.__errno  0x0000000008005444        0xc c:/st/stm32cubeide_1.12.1/stm32cubeide/plugins/com.st.stm32cube.ide.mcu.externaltools.gnu-tools-for-stm32.10.3-2021.10.win32_1.0.200.202301161003/tools/bin/../lib/gcc/arm-none-eabi/10.3.1/../../../../arm-none-eabi/lib/thumb/v7e-m+dp/hard\libc_nano.a(lib_a-errno.o)
                0x0000000008005444                __errno
 .text.__libc_init_array
                0x0000000008005450       0x48 c:/st/stm32cubeide_1.12.1/stm32cubeide/plugins/com.st.stm32cube.ide.mcu.externaltools.gnu-tools-for-stm32.10.3-2021.10.win32_1.0.200.202301161003/tools/bin/../lib/gcc/arm-none-eabi/10.3.1/../../../../arm-none-eabi/lib/thumb/v7e-m+dp/hard\libc_nano.a(lib_a-init.o)
                0x0000000008005450                __libc_init_array
 .text.memset   0x0000000008005498       0x10 c:/st/stm32cubeide_1.12.1/stm32cubeide/plugins/com.st.stm32cube.ide.mcu.externaltools.gnu-tools-for-stm32.10.3-2021.10.win32_1.0.200.202301161003/tools/bin/../lib/gcc/arm-none-eabi/10.3.1/../../../../arm-none-eabi/lib/thumb/v7e-m+dp/hard\libc_nano.a(lib_a-memset.o)
                0x0000000008005498                memset
 .text.printf   0x00000000080054a8       0x30 c:/st/stm32cubeide_1.12.1/stm32cubeide/plugins/com.st.stm32cube.ide.mcu.externaltools.gnu-tools-for-stm32.10.3-2021.10.win32_1.0.200.202301161003/tools/bin/../lib/gcc/arm-none-eabi/10.3.1/../../../../arm-none-eabi/lib/thumb/v7e-m+dp/hard\libc_nano.a(lib_a-printf.o)
                0x00000000080054a8                iprintf
                0x00000000080054a8                printf
 .text.std      0x00000000080054d8       0x48 c:/st/stm32cubeide_1.12.1/stm32cubeide/plugins/com.st.stm32cube.ide.mcu.externaltools.gnu-tools-for-stm32.10.3-2021.10.win32_1.0.200.202301161003/tools/bin/../lib/gcc/arm-none-eabi/10.3.1/../../../../arm-none-eabi/lib/thumb/v7e-m+dp/hard\libc_nano.a(lib_a-findfp.o)
 .text._cleanup_r
                0x0000000008005520        0xc c:/st/stm32cubeide_1.12.1/stm32cubeide/plugins/com.st.stm32cube.ide.mcu.externaltools.gnu-tools-for-stm32.10.3-2021.10.win32_1.0.200.202301161003/tools/bin/../lib/gcc/arm-none-eabi/10.3.1/../../../../arm-none-eabi/lib/thumb/v7e-m+dp/hard\libc_nano.a(lib_a-findfp.o)
                0x0000000008005520                _cleanup_r
 .text.__sfmoreglue
                0x000000000800552c       0x2c c:/st/stm32cubeide_1.12.1/stm32cubeide/plugins/com.st.stm32cube.ide.mcu.externaltools.gnu-tools-for-stm32.10.3-2021.10.win32_1.0.200.202301161003/tools/bin/../lib/gcc/arm-none-eabi/10.3.1/../../../../arm-none-eabi/lib/thumb/v7e-m+dp/hard\libc_nano.a(lib_a-findfp.o)
                0x000000000800552c                __sfmoreglue
 .text.__sfp_lock_acquire
                0x0000000008005558        0xc c:/st/stm32cubeide_1.12.1/stm32cubeide/plugins/com.st.stm32cube.ide.mcu.externaltools.gnu-tools-for-stm32.10.3-2021.10.win32_1.0.200.202301161003/tools/bin/../lib/gcc/arm-none-eabi/10.3.1/../../../../arm-none-eabi/lib/thumb/v7e-m+dp/hard\libc_nano.a(lib_a-findfp.o)
                0x0000000008005558                __sfp_lock_acquire
 .text.__sfp_lock_release
                0x0000000008005564        0xc c:/st/stm32cubeide_1.12.1/stm32cubeide/plugins/com.st.stm32cube.ide.mcu.externaltools.gnu-tools-for-stm32.10.3-2021.10.win32_1.0.200.202301161003/tools/bin/../lib/gcc/arm-none-eabi/10.3.1/../../../../arm-none-eabi/lib/thumb/v7e-m+dp/hard\libc_nano.a(lib_a-findfp.o)
                0x0000000008005564                __sfp_lock_release
 .text.__sinit_lock_acquire
                0x0000000008005570        0xc c:/st/stm32cubeide_1.12.1/stm32cubeide/plugins/com.st.stm32cube.ide.mcu.externaltools.gnu-tools-for-stm32.10.3-2021.10.win32_1.0.200.202301161003/tools/bin/../lib/gcc/arm-none-eabi/10.3.1/../../../../arm-none-eabi/lib/thumb/v7e-m+dp/hard\libc_nano.a(lib_a-findfp.o)
                0x0000000008005570                __sinit_lock_acquire
 .text.__sinit_lock_release
                0x000000000800557c        0xc c:/st/stm32cubeide_1.12.1/stm32cubeide/plugins/com.st.stm32cube.ide.mcu.externaltools.gnu-tools-for-stm32.10.3-2021.10.win32_1.0.200.202301161003/tools/bin/../lib/gcc/arm-none-eabi/10.3.1/../../../../arm-none-eabi/lib/thumb/v7e-m+dp/hard\libc_nano.a(lib_a-findfp.o)
                0x000000000800557c                __sinit_lock_release
 .text.__sinit  0x0000000008005588       0x70 c:/st/stm32cubeide_1.12.1/stm32cubeide/plugins/com.st.stm32cube.ide.mcu.externaltools.gnu-tools-for-stm32.10.3-2021.10.win32_1.0.200.202301161003/tools/bin/../lib/gcc/arm-none-eabi/10.3.1/../../../../arm-none-eabi/lib/thumb/v7e-m+dp/hard\libc_nano.a(lib_a-findfp.o)
                0x0000000008005588                __sinit
 .text.__sfp    0x00000000080055f8       0x8c c:/st/stm32cubeide_1.12.1/stm32cubeide/plugins/com.st.stm32cube.ide.mcu.externaltools.gnu-tools-for-stm32.10.3-2021.10.win32_1.0.200.202301161003/tools/bin/../lib/gcc/arm-none-eabi/10.3.1/../../../../arm-none-eabi/lib/thumb/v7e-m+dp/hard\libc_nano.a(lib_a-findfp.o)
                0x00000000080055f8                __sfp
 .text._fwalk_reent
                0x0000000008005684       0x3e c:/st/stm32cubeide_1.12.1/stm32cubeide/plugins/com.st.stm32cube.ide.mcu.externaltools.gnu-tools-for-stm32.10.3-2021.10.win32_1.0.200.202301161003/tools/bin/../lib/gcc/arm-none-eabi/10.3.1/../../../../arm-none-eabi/lib/thumb/v7e-m+dp/hard\libc_nano.a(lib_a-fwalk.o)
                0x0000000008005684                _fwalk_reent
 .text.__retarget_lock_init_recursive
                0x00000000080056c2        0x2 c:/st/stm32cubeide_1.12.1/stm32cubeide/plugins/com.st.stm32cube.ide.mcu.externaltools.gnu-tools-for-stm32.10.3-2021.10.win32_1.0.200.202301161003/tools/bin/../lib/gcc/arm-none-eabi/10.3.1/../../../../arm-none-eabi/lib/thumb/v7e-m+dp/hard\libc_nano.a(lib_a-lock.o)
                0x00000000080056c2                __retarget_lock_init_recursive
 .text.__retarget_lock_acquire_recursive
                0x00000000080056c4        0x2 c:/st/stm32cubeide_1.12.1/stm32cubeide/plugins/com.st.stm32cube.ide.mcu.externaltools.gnu-tools-for-stm32.10.3-2021.10.win32_1.0.200.202301161003/tools/bin/../lib/gcc/arm-none-eabi/10.3.1/../../../../arm-none-eabi/lib/thumb/v7e-m+dp/hard\libc_nano.a(lib_a-lock.o)
                0x00000000080056c4                __retarget_lock_acquire_recursive
 .text.__retarget_lock_release_recursive
                0x00000000080056c6        0x2 c:/st/stm32cubeide_1.12.1/stm32cubeide/plugins/com.st.stm32cube.ide.mcu.externaltools.gnu-tools-for-stm32.10.3-2021.10.win32_1.0.200.202301161003/tools/bin/../lib/gcc/arm-none-eabi/10.3.1/../../../../arm-none-eabi/lib/thumb/v7e-m+dp/hard\libc_nano.a(lib_a-lock.o)
                0x00000000080056c6                __retarget_lock_release_recursive
 .text.sbrk_aligned
                0x00000000080056c8       0x40 c:/st/stm32cubeide_1.12.1/stm32cubeide/plugins/com.st.stm32cube.ide.mcu.externaltools.gnu-tools-for-stm32.10.3-2021.10.win32_1.0.200.202301161003/tools/bin/../lib/gcc/arm-none-eabi/10.3.1/../../../../arm-none-eabi/lib/thumb/v7e-m+dp/hard\libc_nano.a(lib_a-nano-mallocr.o)
 .text._malloc_r
                0x0000000008005708       0xe8 c:/st/stm32cubeide_1.12.1/stm32cubeide/plugins/com.st.stm32cube.ide.mcu.externaltools.gnu-tools-for-stm32.10.3-2021.10.win32_1.0.200.202301161003/tools/bin/../lib/gcc/arm-none-eabi/10.3.1/../../../../arm-none-eabi/lib/thumb/v7e-m+dp/hard\libc_nano.a(lib_a-nano-mallocr.o)
                0x0000000008005708                _malloc_r
 .text.__sfputc_r
                0x00000000080057f0       0x2e c:/st/stm32cubeide_1.12.1/stm32cubeide/plugins/com.st.stm32cube.ide.mcu.externaltools.gnu-tools-for-stm32.10.3-2021.10.win32_1.0.200.202301161003/tools/bin/../lib/gcc/arm-none-eabi/10.3.1/../../../../arm-none-eabi/lib/thumb/v7e-m+dp/hard\libc_nano.a(lib_a-nano-vfprintf.o)
 .text.__sfputs_r
                0x000000000800581e       0x24 c:/st/stm32cubeide_1.12.1/stm32cubeide/plugins/com.st.stm32cube.ide.mcu.externaltools.gnu-tools-for-stm32.10.3-2021.10.win32_1.0.200.202301161003/tools/bin/../lib/gcc/arm-none-eabi/10.3.1/../../../../arm-none-eabi/lib/thumb/v7e-m+dp/hard\libc_nano.a(lib_a-nano-vfprintf.o)
                0x000000000800581e                __sfputs_r
 *fill*         0x0000000008005842        0x2 
 .text._vfprintf_r
                0x0000000008005844      0x260 c:/st/stm32cubeide_1.12.1/stm32cubeide/plugins/com.st.stm32cube.ide.mcu.externaltools.gnu-tools-for-stm32.10.3-2021.10.win32_1.0.200.202301161003/tools/bin/../lib/gcc/arm-none-eabi/10.3.1/../../../../arm-none-eabi/lib/thumb/v7e-m+dp/hard\libc_nano.a(lib_a-nano-vfprintf.o)
                0x0000000008005844                _vfprintf_r
                0x0000000008005844                _vfiprintf_r
 .text._printf_common
                0x0000000008005aa4       0xda c:/st/stm32cubeide_1.12.1/stm32cubeide/plugins/com.st.stm32cube.ide.mcu.externaltools.gnu-tools-for-stm32.10.3-2021.10.win32_1.0.200.202301161003/tools/bin/../lib/gcc/arm-none-eabi/10.3.1/../../../../arm-none-eabi/lib/thumb/v7e-m+dp/hard\libc_nano.a(lib_a-nano-vfprintf_i.o)
                0x0000000008005aa4                _printf_common
 *fill*         0x0000000008005b7e        0x2 
 .text._printf_i
                0x0000000008005b80      0x24c c:/st/stm32cubeide_1.12.1/stm32cubeide/plugins/com.st.stm32cube.ide.mcu.externaltools.gnu-tools-for-stm32.10.3-2021.10.win32_1.0.200.202301161003/tools/bin/../lib/gcc/arm-none-eabi/10.3.1/../../../../arm-none-eabi/lib/thumb/v7e-m+dp/hard\libc_nano.a(lib_a-nano-vfprintf_i.o)
                0x0000000008005b80                _printf_i
 .text._sbrk_r  0x0000000008005dcc       0x20 c:/st/stm32cubeide_1.12.1/stm32cubeide/plugins/com.st.stm32cube.ide.mcu.externaltools.gnu-tools-for-stm32.10.3-2021.10.win32_1.0.200.202301161003/tools/bin/../lib/gcc/arm-none-eabi/10.3.1/../../../../arm-none-eabi/lib/thumb/v7e-m+dp/hard\libc_nano.a(lib_a-sbrkr.o)
                0x0000000008005dcc                _sbrk_r
 .text.__sread  0x0000000008005dec       0x22 c:/st/stm32cubeide_1.12.1/stm32cubeide/plugins/com.st.stm32cube.ide.mcu.externaltools.gnu-tools-for-stm32.10.3-2021.10.win32_1.0.200.202301161003/tools/bin/../lib/gcc/arm-none-eabi/10.3.1/../../../../arm-none-eabi/lib/thumb/v7e-m+dp/hard\libc_nano.a(lib_a-stdio.o)
                0x0000000008005dec                __sread
 .text.__swrite
                0x0000000008005e0e       0x38 c:/st/stm32cubeide_1.12.1/stm32cubeide/plugins/com.st.stm32cube.ide.mcu.externaltools.gnu-tools-for-stm32.10.3-2021.10.win32_1.0.200.202301161003/tools/bin/../lib/gcc/arm-none-eabi/10.3.1/../../../../arm-none-eabi/lib/thumb/v7e-m+dp/hard\libc_nano.a(lib_a-stdio.o)
                0x0000000008005e0e                __swrite
 .text.__sseek  0x0000000008005e46       0x24 c:/st/stm32cubeide_1.12.1/stm32cubeide/plugins/com.st.stm32cube.ide.mcu.externaltools.gnu-tools-for-stm32.10.3-2021.10.win32_1.0.200.202301161003/tools/bin/../lib/gcc/arm-none-eabi/10.3.1/../../../../arm-none-eabi/lib/thumb/v7e-m+dp/hard\libc_nano.a(lib_a-stdio.o)
                0x0000000008005e46                __sseek
 .text.__sclose
                0x0000000008005e6a        0x8 c:/st/stm32cubeide_1.12.1/stm32cubeide/plugins/com.st.stm32cube.ide.mcu.externaltools.gnu-tools-for-stm32.10.3-2021.10.win32_1.0.200.202301161003/tools/bin/../lib/gcc/arm-none-eabi/10.3.1/../../../../arm-none-eabi/lib/thumb/v7e-m+dp/hard\libc_nano.a(lib_a-stdio.o)
                0x0000000008005e6a                __sclose
 *fill*         0x0000000008005e72        0x2 
 .text.__swbuf_r
                0x0000000008005e74       0xa4 c:/st/stm32cubeide_1.12.1/stm32cubeide/plugins/com.st.stm32cube.ide.mcu.externaltools.gnu-tools-for-stm32.10.3-2021.10.win32_1.0.200.202301161003/tools/bin/../lib/gcc/arm-none-eabi/10.3.1/../../../../arm-none-eabi/lib/thumb/v7e-m+dp/hard\libc_nano.a(lib_a-wbuf.o)
                0x0000000008005e74                __swbuf_r
 .text._write_r
                0x0000000008005f18       0x24 c:/st/stm32cubeide_1.12.1/stm32cubeide/plugins/com.st.stm32cube.ide.mcu.externaltools.gnu-tools-for-stm32.10.3-2021.10.win32_1.0.200.202301161003/tools/bin/../lib/gcc/arm-none-eabi/10.3.1/../../../../arm-none-eabi/lib/thumb/v7e-m+dp/hard\libc_nano.a(lib_a-writer.o)
                0x0000000008005f18                _write_r
 .text.__swsetup_r
                0x0000000008005f3c       0xdc c:/st/stm32cubeide_1.12.1/stm32cubeide/plugins/com.st.stm32cube.ide.mcu.externaltools.gnu-tools-for-stm32.10.3-2021.10.win32_1.0.200.202301161003/tools/bin/../lib/gcc/arm-none-eabi/10.3.1/../../../../arm-none-eabi/lib/thumb/v7e-m+dp/hard\libc_nano.a(lib_a-wsetup.o)
                0x0000000008005f3c                __swsetup_r
 .text._close_r
                0x0000000008006018       0x20 c:/st/stm32cubeide_1.12.1/stm32cubeide/plugins/com.st.stm32cube.ide.mcu.externaltools.gnu-tools-for-stm32.10.3-2021.10.win32_1.0.200.202301161003/tools/bin/../lib/gcc/arm-none-eabi/10.3.1/../../../../arm-none-eabi/lib/thumb/v7e-m+dp/hard\libc_nano.a(lib_a-closer.o)
                0x0000000008006018                _close_r
 .text.__sflush_r
                0x0000000008006038      0x10c c:/st/stm32cubeide_1.12.1/stm32cubeide/plugins/com.st.stm32cube.ide.mcu.externaltools.gnu-tools-for-stm32.10.3-2021.10.win32_1.0.200.202301161003/tools/bin/../lib/gcc/arm-none-eabi/10.3.1/../../../../arm-none-eabi/lib/thumb/v7e-m+dp/hard\libc_nano.a(lib_a-fflush.o)
                0x0000000008006038                __sflush_r
 .text._fflush_r
                0x0000000008006144       0x78 c:/st/stm32cubeide_1.12.1/stm32cubeide/plugins/com.st.stm32cube.ide.mcu.externaltools.gnu-tools-for-stm32.10.3-2021.10.win32_1.0.200.202301161003/tools/bin/../lib/gcc/arm-none-eabi/10.3.1/../../../../arm-none-eabi/lib/thumb/v7e-m+dp/hard\libc_nano.a(lib_a-fflush.o)
                0x0000000008006144                _fflush_r
 .text._lseek_r
                0x00000000080061bc       0x24 c:/st/stm32cubeide_1.12.1/stm32cubeide/plugins/com.st.stm32cube.ide.mcu.externaltools.gnu-tools-for-stm32.10.3-2021.10.win32_1.0.200.202301161003/tools/bin/../lib/gcc/arm-none-eabi/10.3.1/../../../../arm-none-eabi/lib/thumb/v7e-m+dp/hard\libc_nano.a(lib_a-lseekr.o)
                0x00000000080061bc                _lseek_r
 .text.__swhatbuf_r
                0x00000000080061e0       0x4a c:/st/stm32cubeide_1.12.1/stm32cubeide/plugins/com.st.stm32cube.ide.mcu.externaltools.gnu-tools-for-stm32.10.3-2021.10.win32_1.0.200.202301161003/tools/bin/../lib/gcc/arm-none-eabi/10.3.1/../../../../arm-none-eabi/lib/thumb/v7e-m+dp/hard\libc_nano.a(lib_a-makebuf.o)
                0x00000000080061e0                __swhatbuf_r
 *fill*         0x000000000800622a        0x2 
 .text.__smakebuf_r
                0x000000000800622c       0x80 c:/st/stm32cubeide_1.12.1/stm32cubeide/plugins/com.st.stm32cube.ide.mcu.externaltools.gnu-tools-for-stm32.10.3-2021.10.win32_1.0.200.202301161003/tools/bin/../lib/gcc/arm-none-eabi/10.3.1/../../../../arm-none-eabi/lib/thumb/v7e-m+dp/hard\libc_nano.a(lib_a-makebuf.o)
                0x000000000800622c                __smakebuf_r
 .text.__malloc_lock
                0x00000000080062ac        0xc c:/st/stm32cubeide_1.12.1/stm32cubeide/plugins/com.st.stm32cube.ide.mcu.externaltools.gnu-tools-for-stm32.10.3-2021.10.win32_1.0.200.202301161003/tools/bin/../lib/gcc/arm-none-eabi/10.3.1/../../../../arm-none-eabi/lib/thumb/v7e-m+dp/hard\libc_nano.a(lib_a-mlock.o)
                0x00000000080062ac                __malloc_lock
 .text.__malloc_unlock
                0x00000000080062b8        0xc c:/st/stm32cubeide_1.12.1/stm32cubeide/plugins/com.st.stm32cube.ide.mcu.externaltools.gnu-tools-for-stm32.10.3-2021.10.win32_1.0.200.202301161003/tools/bin/../lib/gcc/arm-none-eabi/10.3.1/../../../../arm-none-eabi/lib/thumb/v7e-m+dp/hard\libc_nano.a(lib_a-mlock.o)
                0x00000000080062b8                __malloc_unlock
 .text._free_r  0x00000000080062c4       0x98 c:/st/stm32cubeide_1.12.1/stm32cubeide/plugins/com.st.stm32cube.ide.mcu.externaltools.gnu-tools-for-stm32.10.3-2021.10.win32_1.0.200.202301161003/tools/bin/../lib/gcc/arm-none-eabi/10.3.1/../../../../arm-none-eabi/lib/thumb/v7e-m+dp/hard\libc_nano.a(lib_a-nano-freer.o)
                0x00000000080062c4                _free_r
 .text._read_r  0x000000000800635c       0x24 c:/st/stm32cubeide_1.12.1/stm32cubeide/plugins/com.st.stm32cube.ide.mcu.externaltools.gnu-tools-for-stm32.10.3-2021.10.win32_1.0.200.202301161003/tools/bin/../lib/gcc/arm-none-eabi/10.3.1/../../../../arm-none-eabi/lib/thumb/v7e-m+dp/hard\libc_nano.a(lib_a-readr.o)
                0x000000000800635c                _read_r
 .text._fstat_r
                0x0000000008006380       0x24 c:/st/stm32cubeide_1.12.1/stm32cubeide/plugins/com.st.stm32cube.ide.mcu.externaltools.gnu-tools-for-stm32.10.3-2021.10.win32_1.0.200.202301161003/tools/bin/../lib/gcc/arm-none-eabi/10.3.1/../../../../arm-none-eabi/lib/thumb/v7e-m+dp/hard\libc_nano.a(lib_a-fstatr.o)
                0x0000000008006380                _fstat_r
 .text._isatty_r
                0x00000000080063a4       0x20 c:/st/stm32cubeide_1.12.1/stm32cubeide/plugins/com.st.stm32cube.ide.mcu.externaltools.gnu-tools-for-stm32.10.3-2021.10.win32_1.0.200.202301161003/tools/bin/../lib/gcc/arm-none-eabi/10.3.1/../../../../arm-none-eabi/lib/thumb/v7e-m+dp/hard\libc_nano.a(lib_a-isattyr.o)
                0x00000000080063a4                _isatty_r
 *(.glue_7)
 .glue_7        0x00000000080063c4        0x0 linker stubs
 *(.glue_7t)
 .glue_7t       0x00000000080063c4        0x0 linker stubs
 *(.eh_frame)
 .eh_frame      0x00000000080063c4        0x0 c:/st/stm32cubeide_1.12.1/stm32cubeide/plugins/com.st.stm32cube.ide.mcu.externaltools.gnu-tools-for-stm32.10.3-2021.10.win32_1.0.200.202301161003/tools/bin/../lib/gcc/arm-none-eabi/10.3.1/thumb/v7e-m+dp/hard/crtbegin.o
 *(.init)
 .init          0x00000000080063c4        0x4 c:/st/stm32cubeide_1.12.1/stm32cubeide/plugins/com.st.stm32cube.ide.mcu.externaltools.gnu-tools-for-stm32.10.3-2021.10.win32_1.0.200.202301161003/tools/bin/../lib/gcc/arm-none-eabi/10.3.1/thumb/v7e-m+dp/hard/crti.o
                0x00000000080063c4                _init
 .init          0x00000000080063c8        0x8 c:/st/stm32cubeide_1.12.1/stm32cubeide/plugins/com.st.stm32cube.ide.mcu.externaltools.gnu-tools-for-stm32.10.3-2021.10.win32_1.0.200.202301161003/tools/bin/../lib/gcc/arm-none-eabi/10.3.1/thumb/v7e-m+dp/hard/crtn.o
 *(.fini)
 .fini          0x00000000080063d0        0x4 c:/st/stm32cubeide_1.12.1/stm32cubeide/plugins/com.st.stm32cube.ide.mcu.externaltools.gnu-tools-for-stm32.10.3-2021.10.win32_1.0.200.202301161003/tools/bin/../lib/gcc/arm-none-eabi/10.3.1/thumb/v7e-m+dp/hard/crti.o
                0x00000000080063d0                _fini
 .fini          0x00000000080063d4        0x8 c:/st/stm32cubeide_1.12.1/stm32cubeide/plugins/com.st.stm32cube.ide.mcu.externaltools.gnu-tools-for-stm32.10.3-2021.10.win32_1.0.200.202301161003/tools/bin/../lib/gcc/arm-none-eabi/10.3.1/thumb/v7e-m+dp/hard/crtn.o
                0x00000000080063dc                . = ALIGN (0x4)
                0x00000000080063dc                _etext = .

.vfp11_veneer   0x00000000080063dc        0x0
 .vfp11_veneer  0x00000000080063dc        0x0 linker stubs

.v4_bx          0x00000000080063dc        0x0
 .v4_bx         0x00000000080063dc        0x0 linker stubs

.iplt           0x00000000080063dc        0x0
 .iplt          0x00000000080063dc        0x0 c:/st/stm32cubeide_1.12.1/stm32cubeide/plugins/com.st.stm32cube.ide.mcu.externaltools.gnu-tools-for-stm32.10.3-2021.10.win32_1.0.200.202301161003/tools/bin/../lib/gcc/arm-none-eabi/10.3.1/thumb/v7e-m+dp/hard/crtbegin.o

.rodata         0x00000000080063dc       0xec
                0x00000000080063dc                . = ALIGN (0x4)
 *(.rodata)
 .rodata        0x00000000080063dc       0x1c ./Core/Src/main.o
 *(.rodata*)
 .rodata.D1CorePrescTable
                0x00000000080063f8       0x10 ./Common/Src/system_stm32h7xx_dualcore_boot_cm4_cm7.o
                0x00000000080063f8                D1CorePrescTable
 .rodata.UARTPrescTable
                0x0000000008006408       0x18 ./Drivers/STM32H7xx_HAL_Driver/stm32h7xx_hal_uart.o
                0x0000000008006408                UARTPrescTable
 .rodata.numerator.1
                0x0000000008006420        0x8 ./Drivers/STM32H7xx_HAL_Driver/stm32h7xx_hal_uart_ex.o
 .rodata.denominator.0
                0x0000000008006428        0x8 ./Drivers/STM32H7xx_HAL_Driver/stm32h7xx_hal_uart_ex.o
 .rodata._global_impure_ptr
                0x0000000008006430        0x4 c:/st/stm32cubeide_1.12.1/stm32cubeide/plugins/com.st.stm32cube.ide.mcu.externaltools.gnu-tools-for-stm32.10.3-2021.10.win32_1.0.200.202301161003/tools/bin/../lib/gcc/arm-none-eabi/10.3.1/../../../../arm-none-eabi/lib/thumb/v7e-m+dp/hard\libc_nano.a(lib_a-impure.o)
                0x0000000008006430                _global_impure_ptr
 .rodata.__sf_fake_stderr
                0x0000000008006434       0x20 c:/st/stm32cubeide_1.12.1/stm32cubeide/plugins/com.st.stm32cube.ide.mcu.externaltools.gnu-tools-for-stm32.10.3-2021.10.win32_1.0.200.202301161003/tools/bin/../lib/gcc/arm-none-eabi/10.3.1/../../../../arm-none-eabi/lib/thumb/v7e-m+dp/hard\libc_nano.a(lib_a-findfp.o)
                0x0000000008006434                __sf_fake_stderr
 .rodata.__sf_fake_stdin
                0x0000000008006454       0x20 c:/st/stm32cubeide_1.12.1/stm32cubeide/plugins/com.st.stm32cube.ide.mcu.externaltools.gnu-tools-for-stm32.10.3-2021.10.win32_1.0.200.202301161003/tools/bin/../lib/gcc/arm-none-eabi/10.3.1/../../../../arm-none-eabi/lib/thumb/v7e-m+dp/hard\libc_nano.a(lib_a-findfp.o)
                0x0000000008006454                __sf_fake_stdin
 .rodata.__sf_fake_stdout
                0x0000000008006474       0x20 c:/st/stm32cubeide_1.12.1/stm32cubeide/plugins/com.st.stm32cube.ide.mcu.externaltools.gnu-tools-for-stm32.10.3-2021.10.win32_1.0.200.202301161003/tools/bin/../lib/gcc/arm-none-eabi/10.3.1/../../../../arm-none-eabi/lib/thumb/v7e-m+dp/hard\libc_nano.a(lib_a-findfp.o)
                0x0000000008006474                __sf_fake_stdout
 .rodata._vfprintf_r.str1.1
                0x0000000008006494       0x11 c:/st/stm32cubeide_1.12.1/stm32cubeide/plugins/com.st.stm32cube.ide.mcu.externaltools.gnu-tools-for-stm32.10.3-2021.10.win32_1.0.200.202301161003/tools/bin/../lib/gcc/arm-none-eabi/10.3.1/../../../../arm-none-eabi/lib/thumb/v7e-m+dp/hard\libc_nano.a(lib_a-nano-vfprintf.o)
 .rodata._printf_i.str1.1
                0x00000000080064a5       0x22 c:/st/stm32cubeide_1.12.1/stm32cubeide/plugins/com.st.stm32cube.ide.mcu.externaltools.gnu-tools-for-stm32.10.3-2021.10.win32_1.0.200.202301161003/tools/bin/../lib/gcc/arm-none-eabi/10.3.1/../../../../arm-none-eabi/lib/thumb/v7e-m+dp/hard\libc_nano.a(lib_a-nano-vfprintf_i.o)
                0x00000000080064c8                . = ALIGN (0x4)
 *fill*         0x00000000080064c7        0x1 

.ARM.extab      0x00000000080064c8        0x0
                0x00000000080064c8                . = ALIGN (0x4)
 *(.ARM.extab* .gnu.linkonce.armextab.*)
                0x00000000080064c8                . = ALIGN (0x4)

.ARM            0x00000000080064c8        0x8
                0x00000000080064c8                . = ALIGN (0x4)
                0x00000000080064c8                __exidx_start = .
 *(.ARM.exidx*)
 .ARM.exidx     0x00000000080064c8        0x8 c:/st/stm32cubeide_1.12.1/stm32cubeide/plugins/com.st.stm32cube.ide.mcu.externaltools.gnu-tools-for-stm32.10.3-2021.10.win32_1.0.200.202301161003/tools/bin/../lib/gcc/arm-none-eabi/10.3.1/thumb/v7e-m+dp/hard\libgcc.a(_udivmoddi4.o)
                0x00000000080064d0                __exidx_end = .
                0x00000000080064d0                . = ALIGN (0x4)

.rel.dyn        0x00000000080064d0        0x0
 .rel.iplt      0x00000000080064d0        0x0 c:/st/stm32cubeide_1.12.1/stm32cubeide/plugins/com.st.stm32cube.ide.mcu.externaltools.gnu-tools-for-stm32.10.3-2021.10.win32_1.0.200.202301161003/tools/bin/../lib/gcc/arm-none-eabi/10.3.1/thumb/v7e-m+dp/hard/crtbegin.o

.preinit_array  0x00000000080064d0        0x0
                0x00000000080064d0                . = ALIGN (0x4)
                0x00000000080064d0                PROVIDE (__preinit_array_start = .)
 *(.preinit_array*)
                0x00000000080064d0                PROVIDE (__preinit_array_end = .)
                0x00000000080064d0                . = ALIGN (0x4)

.init_array     0x00000000080064d0        0x4
                0x00000000080064d0                . = ALIGN (0x4)
                0x00000000080064d0                PROVIDE (__init_array_start = .)
 *(SORT_BY_NAME(.init_array.*))
 *(.init_array*)
 .init_array    0x00000000080064d0        0x4 c:/st/stm32cubeide_1.12.1/stm32cubeide/plugins/com.st.stm32cube.ide.mcu.externaltools.gnu-tools-for-stm32.10.3-2021.10.win32_1.0.200.202301161003/tools/bin/../lib/gcc/arm-none-eabi/10.3.1/thumb/v7e-m+dp/hard/crtbegin.o
                0x00000000080064d4                PROVIDE (__init_array_end = .)
                0x00000000080064d4                . = ALIGN (0x4)

.fini_array     0x00000000080064d4        0x4
                0x00000000080064d4                . = ALIGN (0x4)
                [!provide]                        PROVIDE (__fini_array_start = .)
 *(SORT_BY_NAME(.fini_array.*))
 *(.fini_array*)
 .fini_array    0x00000000080064d4        0x4 c:/st/stm32cubeide_1.12.1/stm32cubeide/plugins/com.st.stm32cube.ide.mcu.externaltools.gnu-tools-for-stm32.10.3-2021.10.win32_1.0.200.202301161003/tools/bin/../lib/gcc/arm-none-eabi/10.3.1/thumb/v7e-m+dp/hard/crtbegin.o
                [!provide]                        PROVIDE (__fini_array_end = .)
                0x00000000080064d8                . = ALIGN (0x4)
                0x00000000080064d8                _sidata = LOADADDR (.data)

.data           0x0000000024000000       0x74 load address 0x00000000080064d8
                0x0000000024000000                . = ALIGN (0x4)
                0x0000000024000000                _sdata = .
 *(.data)
 *(.data*)
 .data.SystemCoreClock
                0x0000000024000000        0x4 ./Common/Src/system_stm32h7xx_dualcore_boot_cm4_cm7.o
                0x0000000024000000                SystemCoreClock
 .data.SystemD2Clock
                0x0000000024000004        0x4 ./Common/Src/system_stm32h7xx_dualcore_boot_cm4_cm7.o
                0x0000000024000004                SystemD2Clock
 .data.uwTickPrio
                0x0000000024000008        0x4 ./Drivers/STM32H7xx_HAL_Driver/stm32h7xx_hal.o
                0x0000000024000008                uwTickPrio
 .data.uwTickFreq
                0x000000002400000c        0x1 ./Drivers/STM32H7xx_HAL_Driver/stm32h7xx_hal.o
                0x000000002400000c                uwTickFreq
 *fill*         0x000000002400000d        0x3 
 .data._impure_ptr
                0x0000000024000010        0x4 c:/st/stm32cubeide_1.12.1/stm32cubeide/plugins/com.st.stm32cube.ide.mcu.externaltools.gnu-tools-for-stm32.10.3-2021.10.win32_1.0.200.202301161003/tools/bin/../lib/gcc/arm-none-eabi/10.3.1/../../../../arm-none-eabi/lib/thumb/v7e-m+dp/hard\libc_nano.a(lib_a-impure.o)
                0x0000000024000010                _impure_ptr
 .data.impure_data
                0x0000000024000014       0x60 c:/st/stm32cubeide_1.12.1/stm32cubeide/plugins/com.st.stm32cube.ide.mcu.externaltools.gnu-tools-for-stm32.10.3-2021.10.win32_1.0.200.202301161003/tools/bin/../lib/gcc/arm-none-eabi/10.3.1/../../../../arm-none-eabi/lib/thumb/v7e-m+dp/hard\libc_nano.a(lib_a-impure.o)
 *(.RamFunc)
 *(.RamFunc*)
                0x0000000024000074                . = ALIGN (0x4)
                0x0000000024000074                _edata = .

.igot.plt       0x0000000024000074        0x0 load address 0x000000000800654c
 .igot.plt      0x0000000024000074        0x0 c:/st/stm32cubeide_1.12.1/stm32cubeide/plugins/com.st.stm32cube.ide.mcu.externaltools.gnu-tools-for-stm32.10.3-2021.10.win32_1.0.200.202301161003/tools/bin/../lib/gcc/arm-none-eabi/10.3.1/thumb/v7e-m+dp/hard/crtbegin.o
                0x0000000024000074                . = ALIGN (0x4)

.bss            0x0000000024000074       0xc8 load address 0x000000000800654c
                0x0000000024000074                _sbss = .
                0x0000000024000074                __bss_start__ = _sbss
 *(.bss)
 .bss           0x0000000024000074       0x1c c:/st/stm32cubeide_1.12.1/stm32cubeide/plugins/com.st.stm32cube.ide.mcu.externaltools.gnu-tools-for-stm32.10.3-2021.10.win32_1.0.200.202301161003/tools/bin/../lib/gcc/arm-none-eabi/10.3.1/thumb/v7e-m+dp/hard/crtbegin.o
 *(.bss*)
 .bss.__sbrk_heap_end
                0x0000000024000090        0x4 ./Core/Src/sysmem.o
 .bss.huart1    0x0000000024000094       0x94 ./Core/Src/usart.o
                0x0000000024000094                huart1
 .bss.uwTick    0x0000000024000128        0x4 ./Drivers/STM32H7xx_HAL_Driver/stm32h7xx_hal.o
                0x0000000024000128                uwTick
 .bss.__lock___malloc_recursive_mutex
                0x000000002400012c        0x1 c:/st/stm32cubeide_1.12.1/stm32cubeide/plugins/com.st.stm32cube.ide.mcu.externaltools.gnu-tools-for-stm32.10.3-2021.10.win32_1.0.200.202301161003/tools/bin/../lib/gcc/arm-none-eabi/10.3.1/../../../../arm-none-eabi/lib/thumb/v7e-m+dp/hard\libc_nano.a(lib_a-lock.o)
                0x000000002400012c                __lock___malloc_recursive_mutex
 .bss.__lock___sfp_recursive_mutex
                0x000000002400012d        0x1 c:/st/stm32cubeide_1.12.1/stm32cubeide/plugins/com.st.stm32cube.ide.mcu.externaltools.gnu-tools-for-stm32.10.3-2021.10.win32_1.0.200.202301161003/tools/bin/../lib/gcc/arm-none-eabi/10.3.1/../../../../arm-none-eabi/lib/thumb/v7e-m+dp/hard\libc_nano.a(lib_a-lock.o)
                0x000000002400012d                __lock___sfp_recursive_mutex
 .bss.__lock___sinit_recursive_mutex
                0x000000002400012e        0x1 c:/st/stm32cubeide_1.12.1/stm32cubeide/plugins/com.st.stm32cube.ide.mcu.externaltools.gnu-tools-for-stm32.10.3-2021.10.win32_1.0.200.202301161003/tools/bin/../lib/gcc/arm-none-eabi/10.3.1/../../../../arm-none-eabi/lib/thumb/v7e-m+dp/hard\libc_nano.a(lib_a-lock.o)
                0x000000002400012e                __lock___sinit_recursive_mutex
 *fill*         0x000000002400012f        0x1 
 .bss.__malloc_free_list
                0x0000000024000130        0x4 c:/st/stm32cubeide_1.12.1/stm32cubeide/plugins/com.st.stm32cube.ide.mcu.externaltools.gnu-tools-for-stm32.10.3-2021.10.win32_1.0.200.202301161003/tools/bin/../lib/gcc/arm-none-eabi/10.3.1/../../../../arm-none-eabi/lib/thumb/v7e-m+dp/hard\libc_nano.a(lib_a-nano-mallocr.o)
                0x0000000024000130                __malloc_free_list
 .bss.__malloc_sbrk_start
                0x0000000024000134        0x4 c:/st/stm32cubeide_1.12.1/stm32cubeide/plugins/com.st.stm32cube.ide.mcu.externaltools.gnu-tools-for-stm32.10.3-2021.10.win32_1.0.200.202301161003/tools/bin/../lib/gcc/arm-none-eabi/10.3.1/../../../../arm-none-eabi/lib/thumb/v7e-m+dp/hard\libc_nano.a(lib_a-nano-mallocr.o)
                0x0000000024000134                __malloc_sbrk_start
 .bss.errno     0x0000000024000138        0x4 c:/st/stm32cubeide_1.12.1/stm32cubeide/plugins/com.st.stm32cube.ide.mcu.externaltools.gnu-tools-for-stm32.10.3-2021.10.win32_1.0.200.202301161003/tools/bin/../lib/gcc/arm-none-eabi/10.3.1/../../../../arm-none-eabi/lib/thumb/v7e-m+dp/hard\libc_nano.a(lib_a-reent.o)
                0x0000000024000138                errno
 *(COMMON)
                0x000000002400013c                . = ALIGN (0x4)
                0x000000002400013c                _ebss = .
                0x000000002400013c                __bss_end__ = _ebss

._user_heap_stack
                0x000000002400013c      0x604 load address 0x000000000800654c
                0x0000000024000140                . = ALIGN (0x8)
 *fill*         0x000000002400013c        0x4 
                [!provide]                        PROVIDE (end = .)
                0x0000000024000140                PROVIDE (_end = .)
                0x0000000024000340                . = (. + _Min_Heap_Size)
 *fill*         0x0000000024000140      0x200 
                0x0000000024000740                . = (. + _Min_Stack_Size)
 *fill*         0x0000000024000340      0x400 
                0x0000000024000740                . = ALIGN (0x8)

/DISCARD/
 libc.a(*)
 libm.a(*)
 libgcc.a(*)

.ARM.attributes
                0x0000000000000000       0x2e
 *(.ARM.attributes)
 .ARM.attributes
                0x0000000000000000       0x1e c:/st/stm32cubeide_1.12.1/stm32cubeide/plugins/com.st.stm32cube.ide.mcu.externaltools.gnu-tools-for-stm32.10.3-2021.10.win32_1.0.200.202301161003/tools/bin/../lib/gcc/arm-none-eabi/10.3.1/thumb/v7e-m+dp/hard/crti.o
 .ARM.attributes
                0x000000000000001e       0x32 c:/st/stm32cubeide_1.12.1/stm32cubeide/plugins/com.st.stm32cube.ide.mcu.externaltools.gnu-tools-for-stm32.10.3-2021.10.win32_1.0.200.202301161003/tools/bin/../lib/gcc/arm-none-eabi/10.3.1/thumb/v7e-m+dp/hard/crtbegin.o
 .ARM.attributes
                0x0000000000000050       0x32 ./Common/Src/system_stm32h7xx_dualcore_boot_cm4_cm7.o
 .ARM.attributes
                0x0000000000000082       0x32 ./Core/Src/gpio.o
 .ARM.attributes
                0x00000000000000b4       0x32 ./Core/Src/main.o
 .ARM.attributes
                0x00000000000000e6       0x32 ./Core/Src/stm32h7xx_hal_msp.o
 .ARM.attributes
                0x0000000000000118       0x32 ./Core/Src/stm32h7xx_it.o
 .ARM.attributes
                0x000000000000014a       0x32 ./Core/Src/syscalls.o
 .ARM.attributes
                0x000000000000017c       0x32 ./Core/Src/sysmem.o
 .ARM.attributes
                0x00000000000001ae       0x32 ./Core/Src/usart.o
 .ARM.attributes
                0x00000000000001e0       0x21 ./Core/Startup/startup_stm32h747xihx.o
 .ARM.attributes
                0x0000000000000201       0x32 ./Drivers/STM32H7xx_HAL_Driver/stm32h7xx_hal.o
 .ARM.attributes
                0x0000000000000233       0x32 ./Drivers/STM32H7xx_HAL_Driver/stm32h7xx_hal_cortex.o
 .ARM.attributes
                0x0000000000000265       0x32 ./Drivers/STM32H7xx_HAL_Driver/stm32h7xx_hal_gpio.o
 .ARM.attributes
                0x0000000000000297       0x32 ./Drivers/STM32H7xx_HAL_Driver/stm32h7xx_hal_hsem.o
 .ARM.attributes
                0x00000000000002c9       0x32 ./Drivers/STM32H7xx_HAL_Driver/stm32h7xx_hal_pwr_ex.o
 .ARM.attributes
                0x00000000000002fb       0x32 ./Drivers/STM32H7xx_HAL_Driver/stm32h7xx_hal_rcc.o
 .ARM.attributes
                0x000000000000032d       0x32 ./Drivers/STM32H7xx_HAL_Driver/stm32h7xx_hal_rcc_ex.o
 .ARM.attributes
                0x000000000000035f       0x32 ./Drivers/STM32H7xx_HAL_Driver/stm32h7xx_hal_uart.o
 .ARM.attributes
                0x0000000000000391       0x32 ./Drivers/STM32H7xx_HAL_Driver/stm32h7xx_hal_uart_ex.o
 .ARM.attributes
                0x00000000000003c3       0x32 c:/st/stm32cubeide_1.12.1/stm32cubeide/plugins/com.st.stm32cube.ide.mcu.externaltools.gnu-tools-for-stm32.10.3-2021.10.win32_1.0.200.202301161003/tools/bin/../lib/gcc/arm-none-eabi/10.3.1/../../../../arm-none-eabi/lib/thumb/v7e-m+dp/hard\libc_nano.a(lib_a-errno.o)
 .ARM.attributes
                0x00000000000003f5       0x32 c:/st/stm32cubeide_1.12.1/stm32cubeide/plugins/com.st.stm32cube.ide.mcu.externaltools.gnu-tools-for-stm32.10.3-2021.10.win32_1.0.200.202301161003/tools/bin/../lib/gcc/arm-none-eabi/10.3.1/../../../../arm-none-eabi/lib/thumb/v7e-m+dp/hard\libc_nano.a(lib_a-impure.o)
 .ARM.attributes
                0x0000000000000427       0x32 c:/st/stm32cubeide_1.12.1/stm32cubeide/plugins/com.st.stm32cube.ide.mcu.externaltools.gnu-tools-for-stm32.10.3-2021.10.win32_1.0.200.202301161003/tools/bin/../lib/gcc/arm-none-eabi/10.3.1/../../../../arm-none-eabi/lib/thumb/v7e-m+dp/hard\libc_nano.a(lib_a-init.o)
 .ARM.attributes
                0x0000000000000459       0x32 c:/st/stm32cubeide_1.12.1/stm32cubeide/plugins/com.st.stm32cube.ide.mcu.externaltools.gnu-tools-for-stm32.10.3-2021.10.win32_1.0.200.202301161003/tools/bin/../lib/gcc/arm-none-eabi/10.3.1/../../../../arm-none-eabi/lib/thumb/v7e-m+dp/hard\libc_nano.a(lib_a-memset.o)
 .ARM.attributes
                0x000000000000048b       0x32 c:/st/stm32cubeide_1.12.1/stm32cubeide/plugins/com.st.stm32cube.ide.mcu.externaltools.gnu-tools-for-stm32.10.3-2021.10.win32_1.0.200.202301161003/tools/bin/../lib/gcc/arm-none-eabi/10.3.1/../../../../arm-none-eabi/lib/thumb/v7e-m+dp/hard\libc_nano.a(lib_a-printf.o)
 .ARM.attributes
                0x00000000000004bd       0x32 c:/st/stm32cubeide_1.12.1/stm32cubeide/plugins/com.st.stm32cube.ide.mcu.externaltools.gnu-tools-for-stm32.10.3-2021.10.win32_1.0.200.202301161003/tools/bin/../lib/gcc/arm-none-eabi/10.3.1/../../../../arm-none-eabi/lib/thumb/v7e-m+dp/hard\libc_nano.a(lib_a-findfp.o)
 .ARM.attributes
                0x00000000000004ef       0x32 c:/st/stm32cubeide_1.12.1/stm32cubeide/plugins/com.st.stm32cube.ide.mcu.externaltools.gnu-tools-for-stm32.10.3-2021.10.win32_1.0.200.202301161003/tools/bin/../lib/gcc/arm-none-eabi/10.3.1/../../../../arm-none-eabi/lib/thumb/v7e-m+dp/hard\libc_nano.a(lib_a-fwalk.o)
 .ARM.attributes
                0x0000000000000521       0x32 c:/st/stm32cubeide_1.12.1/stm32cubeide/plugins/com.st.stm32cube.ide.mcu.externaltools.gnu-tools-for-stm32.10.3-2021.10.win32_1.0.200.202301161003/tools/bin/../lib/gcc/arm-none-eabi/10.3.1/../../../../arm-none-eabi/lib/thumb/v7e-m+dp/hard\libc_nano.a(lib_a-lock.o)
 .ARM.attributes
                0x0000000000000553       0x32 c:/st/stm32cubeide_1.12.1/stm32cubeide/plugins/com.st.stm32cube.ide.mcu.externaltools.gnu-tools-for-stm32.10.3-2021.10.win32_1.0.200.202301161003/tools/bin/../lib/gcc/arm-none-eabi/10.3.1/../../../../arm-none-eabi/lib/thumb/v7e-m+dp/hard\libc_nano.a(lib_a-nano-mallocr.o)
 .ARM.attributes
                0x0000000000000585       0x32 c:/st/stm32cubeide_1.12.1/stm32cubeide/plugins/com.st.stm32cube.ide.mcu.externaltools.gnu-tools-for-stm32.10.3-2021.10.win32_1.0.200.202301161003/tools/bin/../lib/gcc/arm-none-eabi/10.3.1/../../../../arm-none-eabi/lib/thumb/v7e-m+dp/hard\libc_nano.a(lib_a-nano-vfprintf.o)
 .ARM.attributes
                0x00000000000005b7       0x32 c:/st/stm32cubeide_1.12.1/stm32cubeide/plugins/com.st.stm32cube.ide.mcu.externaltools.gnu-tools-for-stm32.10.3-2021.10.win32_1.0.200.202301161003/tools/bin/../lib/gcc/arm-none-eabi/10.3.1/../../../../arm-none-eabi/lib/thumb/v7e-m+dp/hard\libc_nano.a(lib_a-nano-vfprintf_i.o)
 .ARM.attributes
                0x00000000000005e9       0x32 c:/st/stm32cubeide_1.12.1/stm32cubeide/plugins/com.st.stm32cube.ide.mcu.externaltools.gnu-tools-for-stm32.10.3-2021.10.win32_1.0.200.202301161003/tools/bin/../lib/gcc/arm-none-eabi/10.3.1/../../../../arm-none-eabi/lib/thumb/v7e-m+dp/hard\libc_nano.a(lib_a-sbrkr.o)
 .ARM.attributes
                0x000000000000061b       0x32 c:/st/stm32cubeide_1.12.1/stm32cubeide/plugins/com.st.stm32cube.ide.mcu.externaltools.gnu-tools-for-stm32.10.3-2021.10.win32_1.0.200.202301161003/tools/bin/../lib/gcc/arm-none-eabi/10.3.1/../../../../arm-none-eabi/lib/thumb/v7e-m+dp/hard\libc_nano.a(lib_a-stdio.o)
 .ARM.attributes
                0x000000000000064d       0x32 c:/st/stm32cubeide_1.12.1/stm32cubeide/plugins/com.st.stm32cube.ide.mcu.externaltools.gnu-tools-for-stm32.10.3-2021.10.win32_1.0.200.202301161003/tools/bin/../lib/gcc/arm-none-eabi/10.3.1/../../../../arm-none-eabi/lib/thumb/v7e-m+dp/hard\libc_nano.a(lib_a-wbuf.o)
 .ARM.attributes
                0x000000000000067f       0x32 c:/st/stm32cubeide_1.12.1/stm32cubeide/plugins/com.st.stm32cube.ide.mcu.externaltools.gnu-tools-for-stm32.10.3-2021.10.win32_1.0.200.202301161003/tools/bin/../lib/gcc/arm-none-eabi/10.3.1/../../../../arm-none-eabi/lib/thumb/v7e-m+dp/hard\libc_nano.a(lib_a-writer.o)
 .ARM.attributes
                0x00000000000006b1       0x32 c:/st/stm32cubeide_1.12.1/stm32cubeide/plugins/com.st.stm32cube.ide.mcu.externaltools.gnu-tools-for-stm32.10.3-2021.10.win32_1.0.200.202301161003/tools/bin/../lib/gcc/arm-none-eabi/10.3.1/../../../../arm-none-eabi/lib/thumb/v7e-m+dp/hard\libc_nano.a(lib_a-wsetup.o)
 .ARM.attributes
                0x00000000000006e3       0x32 c:/st/stm32cubeide_1.12.1/stm32cubeide/plugins/com.st.stm32cube.ide.mcu.externaltools.gnu-tools-for-stm32.10.3-2021.10.win32_1.0.200.202301161003/tools/bin/../lib/gcc/arm-none-eabi/10.3.1/../../../../arm-none-eabi/lib/thumb/v7e-m+dp/hard\libc_nano.a(lib_a-closer.o)
 .ARM.attributes
                0x0000000000000715       0x32 c:/st/stm32cubeide_1.12.1/stm32cubeide/plugins/com.st.stm32cube.ide.mcu.externaltools.gnu-tools-for-stm32.10.3-2021.10.win32_1.0.200.202301161003/tools/bin/../lib/gcc/arm-none-eabi/10.3.1/../../../../arm-none-eabi/lib/thumb/v7e-m+dp/hard\libc_nano.a(lib_a-fflush.o)
 .ARM.attributes
                0x0000000000000747       0x32 c:/st/stm32cubeide_1.12.1/stm32cubeide/plugins/com.st.stm32cube.ide.mcu.externaltools.gnu-tools-for-stm32.10.3-2021.10.win32_1.0.200.202301161003/tools/bin/../lib/gcc/arm-none-eabi/10.3.1/../../../../arm-none-eabi/lib/thumb/v7e-m+dp/hard\libc_nano.a(lib_a-lseekr.o)
 .ARM.attributes
                0x0000000000000779       0x32 c:/st/stm32cubeide_1.12.1/stm32cubeide/plugins/com.st.stm32cube.ide.mcu.externaltools.gnu-tools-for-stm32.10.3-2021.10.win32_1.0.200.202301161003/tools/bin/../lib/gcc/arm-none-eabi/10.3.1/../../../../arm-none-eabi/lib/thumb/v7e-m+dp/hard\libc_nano.a(lib_a-makebuf.o)
 .ARM.attributes
                0x00000000000007ab       0x1c c:/st/stm32cubeide_1.12.1/stm32cubeide/plugins/com.st.stm32cube.ide.mcu.externaltools.gnu-tools-for-stm32.10.3-2021.10.win32_1.0.200.202301161003/tools/bin/../lib/gcc/arm-none-eabi/10.3.1/../../../../arm-none-eabi/lib/thumb/v7e-m+dp/hard\libc_nano.a(lib_a-memchr.o)
 .ARM.attributes
                0x00000000000007c7       0x32 c:/st/stm32cubeide_1.12.1/stm32cubeide/plugins/com.st.stm32cube.ide.mcu.externaltools.gnu-tools-for-stm32.10.3-2021.10.win32_1.0.200.202301161003/tools/bin/../lib/gcc/arm-none-eabi/10.3.1/../../../../arm-none-eabi/lib/thumb/v7e-m+dp/hard\libc_nano.a(lib_a-mlock.o)
 .ARM.attributes
                0x00000000000007f9       0x32 c:/st/stm32cubeide_1.12.1/stm32cubeide/plugins/com.st.stm32cube.ide.mcu.externaltools.gnu-tools-for-stm32.10.3-2021.10.win32_1.0.200.202301161003/tools/bin/../lib/gcc/arm-none-eabi/10.3.1/../../../../arm-none-eabi/lib/thumb/v7e-m+dp/hard\libc_nano.a(lib_a-nano-freer.o)
 .ARM.attributes
                0x000000000000082b       0x32 c:/st/stm32cubeide_1.12.1/stm32cubeide/plugins/com.st.stm32cube.ide.mcu.externaltools.gnu-tools-for-stm32.10.3-2021.10.win32_1.0.200.202301161003/tools/bin/../lib/gcc/arm-none-eabi/10.3.1/../../../../arm-none-eabi/lib/thumb/v7e-m+dp/hard\libc_nano.a(lib_a-readr.o)
 .ARM.attributes
                0x000000000000085d       0x32 c:/st/stm32cubeide_1.12.1/stm32cubeide/plugins/com.st.stm32cube.ide.mcu.externaltools.gnu-tools-for-stm32.10.3-2021.10.win32_1.0.200.202301161003/tools/bin/../lib/gcc/arm-none-eabi/10.3.1/../../../../arm-none-eabi/lib/thumb/v7e-m+dp/hard\libc_nano.a(lib_a-reent.o)
 .ARM.attributes
                0x000000000000088f       0x32 c:/st/stm32cubeide_1.12.1/stm32cubeide/plugins/com.st.stm32cube.ide.mcu.externaltools.gnu-tools-for-stm32.10.3-2021.10.win32_1.0.200.202301161003/tools/bin/../lib/gcc/arm-none-eabi/10.3.1/../../../../arm-none-eabi/lib/thumb/v7e-m+dp/hard\libc_nano.a(lib_a-fstatr.o)
 .ARM.attributes
                0x00000000000008c1       0x32 c:/st/stm32cubeide_1.12.1/stm32cubeide/plugins/com.st.stm32cube.ide.mcu.externaltools.gnu-tools-for-stm32.10.3-2021.10.win32_1.0.200.202301161003/tools/bin/../lib/gcc/arm-none-eabi/10.3.1/../../../../arm-none-eabi/lib/thumb/v7e-m+dp/hard\libc_nano.a(lib_a-isattyr.o)
 .ARM.attributes
                0x00000000000008f3       0x1e c:/st/stm32cubeide_1.12.1/stm32cubeide/plugins/com.st.stm32cube.ide.mcu.externaltools.gnu-tools-for-stm32.10.3-2021.10.win32_1.0.200.202301161003/tools/bin/../lib/gcc/arm-none-eabi/10.3.1/thumb/v7e-m+dp/hard\libgcc.a(_aeabi_uldivmod.o)
 .ARM.attributes
                0x0000000000000911       0x32 c:/st/stm32cubeide_1.12.1/stm32cubeide/plugins/com.st.stm32cube.ide.mcu.externaltools.gnu-tools-for-stm32.10.3-2021.10.win32_1.0.200.202301161003/tools/bin/../lib/gcc/arm-none-eabi/10.3.1/thumb/v7e-m+dp/hard\libgcc.a(_udivmoddi4.o)
 .ARM.attributes
                0x0000000000000943       0x1e c:/st/stm32cubeide_1.12.1/stm32cubeide/plugins/com.st.stm32cube.ide.mcu.externaltools.gnu-tools-for-stm32.10.3-2021.10.win32_1.0.200.202301161003/tools/bin/../lib/gcc/arm-none-eabi/10.3.1/thumb/v7e-m+dp/hard\libgcc.a(_dvmd_tls.o)
 .ARM.attributes
                0x0000000000000961       0x1e c:/st/stm32cubeide_1.12.1/stm32cubeide/plugins/com.st.stm32cube.ide.mcu.externaltools.gnu-tools-for-stm32.10.3-2021.10.win32_1.0.200.202301161003/tools/bin/../lib/gcc/arm-none-eabi/10.3.1/thumb/v7e-m+dp/hard/crtn.o
OUTPUT(printf_CM7.elf elf32-littlearm)
LOAD linker stubs
LOAD c:/st/stm32cubeide_1.12.1/stm32cubeide/plugins/com.st.stm32cube.ide.mcu.externaltools.gnu-tools-for-stm32.10.3-2021.10.win32_1.0.200.202301161003/tools/bin/../lib/gcc/arm-none-eabi/10.3.1/../../../../arm-none-eabi/lib/thumb/v7e-m+dp/hard\libc.a
LOAD c:/st/stm32cubeide_1.12.1/stm32cubeide/plugins/com.st.stm32cube.ide.mcu.externaltools.gnu-tools-for-stm32.10.3-2021.10.win32_1.0.200.202301161003/tools/bin/../lib/gcc/arm-none-eabi/10.3.1/../../../../arm-none-eabi/lib/thumb/v7e-m+dp/hard\libm.a
LOAD c:/st/stm32cubeide_1.12.1/stm32cubeide/plugins/com.st.stm32cube.ide.mcu.externaltools.gnu-tools-for-stm32.10.3-2021.10.win32_1.0.200.202301161003/tools/bin/../lib/gcc/arm-none-eabi/10.3.1/thumb/v7e-m+dp/hard\libgcc.a

.debug_info     0x0000000000000000    0x113c8
 .debug_info    0x0000000000000000      0xdca ./Common/Src/system_stm32h7xx_dualcore_boot_cm4_cm7.o
 .debug_info    0x0000000000000dca      0x4a4 ./Core/Src/gpio.o
 .debug_info    0x000000000000126e     0x1266 ./Core/Src/main.o
 .debug_info    0x00000000000024d4      0x4a4 ./Core/Src/stm32h7xx_hal_msp.o
 .debug_info    0x0000000000002978      0x137 ./Core/Src/stm32h7xx_it.o
 .debug_info    0x0000000000002aaf      0x6e0 ./Core/Src/syscalls.o
 .debug_info    0x000000000000318f      0x171 ./Core/Src/sysmem.o
 .debug_info    0x0000000000003300     0x1118 ./Core/Src/usart.o
 .debug_info    0x0000000000004418       0x22 ./Core/Startup/startup_stm32h747xihx.o
 .debug_info    0x000000000000443a     0x182c ./Drivers/STM32H7xx_HAL_Driver/stm32h7xx_hal.o
 .debug_info    0x0000000000005c66     0x1191 ./Drivers/STM32H7xx_HAL_Driver/stm32h7xx_hal_cortex.o
 .debug_info    0x0000000000006df7      0xde0 ./Drivers/STM32H7xx_HAL_Driver/stm32h7xx_hal_gpio.o
 .debug_info    0x0000000000007bd7      0x3fd ./Drivers/STM32H7xx_HAL_Driver/stm32h7xx_hal_hsem.o
 .debug_info    0x0000000000007fd4     0x12c2 ./Drivers/STM32H7xx_HAL_Driver/stm32h7xx_hal_pwr_ex.o
 .debug_info    0x0000000000009296      0xf48 ./Drivers/STM32H7xx_HAL_Driver/stm32h7xx_hal_rcc.o
 .debug_info    0x000000000000a1de     0x13c6 ./Drivers/STM32H7xx_HAL_Driver/stm32h7xx_hal_rcc_ex.o
 .debug_info    0x000000000000b5a4     0x4dca ./Drivers/STM32H7xx_HAL_Driver/stm32h7xx_hal_uart.o
 .debug_info    0x000000000001036e     0x105a ./Drivers/STM32H7xx_HAL_Driver/stm32h7xx_hal_uart_ex.o

.debug_abbrev   0x0000000000000000     0x21d1
 .debug_abbrev  0x0000000000000000      0x147 ./Common/Src/system_stm32h7xx_dualcore_boot_cm4_cm7.o
 .debug_abbrev  0x0000000000000147       0xda ./Core/Src/gpio.o
 .debug_abbrev  0x0000000000000221      0x28f ./Core/Src/main.o
 .debug_abbrev  0x00000000000004b0       0xda ./Core/Src/stm32h7xx_hal_msp.o
 .debug_abbrev  0x000000000000058a       0x74 ./Core/Src/stm32h7xx_it.o
 .debug_abbrev  0x00000000000005fe      0x1b3 ./Core/Src/syscalls.o
 .debug_abbrev  0x00000000000007b1       0xbb ./Core/Src/sysmem.o
 .debug_abbrev  0x000000000000086c      0x233 ./Core/Src/usart.o
 .debug_abbrev  0x0000000000000a9f       0x12 ./Core/Startup/startup_stm32h747xihx.o
 .debug_abbrev  0x0000000000000ab1      0x289 ./Drivers/STM32H7xx_HAL_Driver/stm32h7xx_hal.o
 .debug_abbrev  0x0000000000000d3a      0x329 ./Drivers/STM32H7xx_HAL_Driver/stm32h7xx_hal_cortex.o
 .debug_abbrev  0x0000000000001063      0x1ec ./Drivers/STM32H7xx_HAL_Driver/stm32h7xx_hal_gpio.o
 .debug_abbrev  0x000000000000124f      0x1d0 ./Drivers/STM32H7xx_HAL_Driver/stm32h7xx_hal_hsem.o
 .debug_abbrev  0x000000000000141f      0x2bc ./Drivers/STM32H7xx_HAL_Driver/stm32h7xx_hal_pwr_ex.o
 .debug_abbrev  0x00000000000016db      0x2b8 ./Drivers/STM32H7xx_HAL_Driver/stm32h7xx_hal_rcc.o
 .debug_abbrev  0x0000000000001993      0x25c ./Drivers/STM32H7xx_HAL_Driver/stm32h7xx_hal_rcc_ex.o
 .debug_abbrev  0x0000000000001bef      0x325 ./Drivers/STM32H7xx_HAL_Driver/stm32h7xx_hal_uart.o
 .debug_abbrev  0x0000000000001f14      0x2bd ./Drivers/STM32H7xx_HAL_Driver/stm32h7xx_hal_uart_ex.o

.debug_aranges  0x0000000000000000      0xbf0
 .debug_aranges
                0x0000000000000000       0x28 ./Common/Src/system_stm32h7xx_dualcore_boot_cm4_cm7.o
 .debug_aranges
                0x0000000000000028       0x20 ./Core/Src/gpio.o
 .debug_aranges
                0x0000000000000048       0x38 ./Core/Src/main.o
 .debug_aranges
                0x0000000000000080       0x20 ./Core/Src/stm32h7xx_hal_msp.o
 .debug_aranges
                0x00000000000000a0       0x60 ./Core/Src/stm32h7xx_it.o
 .debug_aranges
                0x0000000000000100       0xa8 ./Core/Src/syscalls.o
 .debug_aranges
                0x00000000000001a8       0x20 ./Core/Src/sysmem.o
 .debug_aranges
                0x00000000000001c8       0x30 ./Core/Src/usart.o
 .debug_aranges
                0x00000000000001f8       0x28 ./Core/Startup/startup_stm32h747xihx.o
 .debug_aranges
                0x0000000000000220      0x200 ./Drivers/STM32H7xx_HAL_Driver/stm32h7xx_hal.o
 .debug_aranges
                0x0000000000000420      0x120 ./Drivers/STM32H7xx_HAL_Driver/stm32h7xx_hal_cortex.o
 .debug_aranges
                0x0000000000000540       0x58 ./Drivers/STM32H7xx_HAL_Driver/stm32h7xx_hal_gpio.o
 .debug_aranges
                0x0000000000000598       0x70 ./Drivers/STM32H7xx_HAL_Driver/stm32h7xx_hal_hsem.o
 .debug_aranges
                0x0000000000000608      0x170 ./Drivers/STM32H7xx_HAL_Driver/stm32h7xx_hal_pwr_ex.o
 .debug_aranges
                0x0000000000000778       0x88 ./Drivers/STM32H7xx_HAL_Driver/stm32h7xx_hal_rcc.o
 .debug_aranges
                0x0000000000000800      0x100 ./Drivers/STM32H7xx_HAL_Driver/stm32h7xx_hal_rcc_ex.o
 .debug_aranges
                0x0000000000000900      0x248 ./Drivers/STM32H7xx_HAL_Driver/stm32h7xx_hal_uart.o
 .debug_aranges
                0x0000000000000b48       0xa8 ./Drivers/STM32H7xx_HAL_Driver/stm32h7xx_hal_uart_ex.o

.debug_ranges   0x0000000000000000      0xb08
 .debug_ranges  0x0000000000000000       0x18 ./Common/Src/system_stm32h7xx_dualcore_boot_cm4_cm7.o
 .debug_ranges  0x0000000000000018       0x10 ./Core/Src/gpio.o
 .debug_ranges  0x0000000000000028       0x28 ./Core/Src/main.o
 .debug_ranges  0x0000000000000050       0x10 ./Core/Src/stm32h7xx_hal_msp.o
 .debug_ranges  0x0000000000000060       0x50 ./Core/Src/stm32h7xx_it.o
 .debug_ranges  0x00000000000000b0       0x98 ./Core/Src/syscalls.o
 .debug_ranges  0x0000000000000148       0x10 ./Core/Src/sysmem.o
 .debug_ranges  0x0000000000000158       0x20 ./Core/Src/usart.o
 .debug_ranges  0x0000000000000178       0x20 ./Core/Startup/startup_stm32h747xihx.o
 .debug_ranges  0x0000000000000198      0x1f0 ./Drivers/STM32H7xx_HAL_Driver/stm32h7xx_hal.o
 .debug_ranges  0x0000000000000388      0x110 ./Drivers/STM32H7xx_HAL_Driver/stm32h7xx_hal_cortex.o
 .debug_ranges  0x0000000000000498       0x48 ./Drivers/STM32H7xx_HAL_Driver/stm32h7xx_hal_gpio.o
 .debug_ranges  0x00000000000004e0       0x60 ./Drivers/STM32H7xx_HAL_Driver/stm32h7xx_hal_hsem.o
 .debug_ranges  0x0000000000000540      0x160 ./Drivers/STM32H7xx_HAL_Driver/stm32h7xx_hal_pwr_ex.o
 .debug_ranges  0x00000000000006a0       0x78 ./Drivers/STM32H7xx_HAL_Driver/stm32h7xx_hal_rcc.o
 .debug_ranges  0x0000000000000718       0xf0 ./Drivers/STM32H7xx_HAL_Driver/stm32h7xx_hal_rcc_ex.o
 .debug_ranges  0x0000000000000808      0x268 ./Drivers/STM32H7xx_HAL_Driver/stm32h7xx_hal_uart.o
 .debug_ranges  0x0000000000000a70       0x98 ./Drivers/STM32H7xx_HAL_Driver/stm32h7xx_hal_uart_ex.o

.debug_macro    0x0000000000000000    0x3f725
 .debug_macro   0x0000000000000000      0x294 ./Common/Src/system_stm32h7xx_dualcore_boot_cm4_cm7.o
 .debug_macro   0x0000000000000294      0xa96 ./Common/Src/system_stm32h7xx_dualcore_boot_cm4_cm7.o
 .debug_macro   0x0000000000000d2a       0x2e ./Common/Src/system_stm32h7xx_dualcore_boot_cm4_cm7.o
 .debug_macro   0x0000000000000d58       0x49 ./Common/Src/system_stm32h7xx_dualcore_boot_cm4_cm7.o
 .debug_macro   0x0000000000000da1       0x22 ./Common/Src/system_stm32h7xx_dualcore_boot_cm4_cm7.o
 .debug_macro   0x0000000000000dc3       0x8e ./Common/Src/system_stm32h7xx_dualcore_boot_cm4_cm7.o
 .debug_macro   0x0000000000000e51       0x51 ./Common/Src/system_stm32h7xx_dualcore_boot_cm4_cm7.o
 .debug_macro   0x0000000000000ea2      0x103 ./Common/Src/system_stm32h7xx_dualcore_boot_cm4_cm7.o
 .debug_macro   0x0000000000000fa5       0x6a ./Common/Src/system_stm32h7xx_dualcore_boot_cm4_cm7.o
 .debug_macro   0x000000000000100f      0x1df ./Common/Src/system_stm32h7xx_dualcore_boot_cm4_cm7.o
 .debug_macro   0x00000000000011ee       0x1c ./Common/Src/system_stm32h7xx_dualcore_boot_cm4_cm7.o
 .debug_macro   0x000000000000120a       0x22 ./Common/Src/system_stm32h7xx_dualcore_boot_cm4_cm7.o
 .debug_macro   0x000000000000122c       0xfb ./Common/Src/system_stm32h7xx_dualcore_boot_cm4_cm7.o
 .debug_macro   0x0000000000001327     0x1305 ./Common/Src/system_stm32h7xx_dualcore_boot_cm4_cm7.o
 .debug_macro   0x000000000000262c      0x11f ./Common/Src/system_stm32h7xx_dualcore_boot_cm4_cm7.o
 .debug_macro   0x000000000000274b       0x27 ./Common/Src/system_stm32h7xx_dualcore_boot_cm4_cm7.o
 .debug_macro   0x0000000000002772    0x2c71e ./Common/Src/system_stm32h7xx_dualcore_boot_cm4_cm7.o
 .debug_macro   0x000000000002ee90       0x6d ./Common/Src/system_stm32h7xx_dualcore_boot_cm4_cm7.o
 .debug_macro   0x000000000002eefd      0x232 ./Common/Src/system_stm32h7xx_dualcore_boot_cm4_cm7.o
 .debug_macro   0x000000000002f12f     0x3d5d ./Common/Src/system_stm32h7xx_dualcore_boot_cm4_cm7.o
 .debug_macro   0x0000000000032e8c      0x174 ./Common/Src/system_stm32h7xx_dualcore_boot_cm4_cm7.o
 .debug_macro   0x0000000000033000       0x52 ./Common/Src/system_stm32h7xx_dualcore_boot_cm4_cm7.o
 .debug_macro   0x0000000000033052       0x1d ./Common/Src/system_stm32h7xx_dualcore_boot_cm4_cm7.o
 .debug_macro   0x000000000003306f       0x3c ./Common/Src/system_stm32h7xx_dualcore_boot_cm4_cm7.o
 .debug_macro   0x00000000000330ab       0x34 ./Common/Src/system_stm32h7xx_dualcore_boot_cm4_cm7.o
 .debug_macro   0x00000000000330df       0x16 ./Common/Src/system_stm32h7xx_dualcore_boot_cm4_cm7.o
 .debug_macro   0x00000000000330f5       0x43 ./Common/Src/system_stm32h7xx_dualcore_boot_cm4_cm7.o
 .debug_macro   0x0000000000033138       0x34 ./Common/Src/system_stm32h7xx_dualcore_boot_cm4_cm7.o
 .debug_macro   0x000000000003316c       0x10 ./Common/Src/system_stm32h7xx_dualcore_boot_cm4_cm7.o
 .debug_macro   0x000000000003317c       0x58 ./Common/Src/system_stm32h7xx_dualcore_boot_cm4_cm7.o
 .debug_macro   0x00000000000331d4       0x71 ./Common/Src/system_stm32h7xx_dualcore_boot_cm4_cm7.o
 .debug_macro   0x0000000000033245       0x1c ./Common/Src/system_stm32h7xx_dualcore_boot_cm4_cm7.o
 .debug_macro   0x0000000000033261      0x12a ./Common/Src/system_stm32h7xx_dualcore_boot_cm4_cm7.o
 .debug_macro   0x000000000003338b      0x341 ./Common/Src/system_stm32h7xx_dualcore_boot_cm4_cm7.o
 .debug_macro   0x00000000000336cc      0x19b ./Common/Src/system_stm32h7xx_dualcore_boot_cm4_cm7.o
 .debug_macro   0x0000000000033867       0x5d ./Common/Src/system_stm32h7xx_dualcore_boot_cm4_cm7.o
 .debug_macro   0x00000000000338c4     0x3ae3 ./Common/Src/system_stm32h7xx_dualcore_boot_cm4_cm7.o
 .debug_macro   0x00000000000373a7     0x1095 ./Common/Src/system_stm32h7xx_dualcore_boot_cm4_cm7.o
 .debug_macro   0x000000000003843c      0x154 ./Common/Src/system_stm32h7xx_dualcore_boot_cm4_cm7.o
 .debug_macro   0x0000000000038590      0x130 ./Common/Src/system_stm32h7xx_dualcore_boot_cm4_cm7.o
 .debug_macro   0x00000000000386c0      0x3c5 ./Common/Src/system_stm32h7xx_dualcore_boot_cm4_cm7.o
 .debug_macro   0x0000000000038a85       0xac ./Common/Src/system_stm32h7xx_dualcore_boot_cm4_cm7.o
 .debug_macro   0x0000000000038b31      0x72d ./Common/Src/system_stm32h7xx_dualcore_boot_cm4_cm7.o
 .debug_macro   0x000000000003925e      0x228 ./Common/Src/system_stm32h7xx_dualcore_boot_cm4_cm7.o
 .debug_macro   0x0000000000039486       0x66 ./Common/Src/system_stm32h7xx_dualcore_boot_cm4_cm7.o
 .debug_macro   0x00000000000394ec      0x3c9 ./Common/Src/system_stm32h7xx_dualcore_boot_cm4_cm7.o
 .debug_macro   0x00000000000398b5      0x407 ./Common/Src/system_stm32h7xx_dualcore_boot_cm4_cm7.o
 .debug_macro   0x0000000000039cbc      0x27c ./Common/Src/system_stm32h7xx_dualcore_boot_cm4_cm7.o
 .debug_macro   0x0000000000039f38      0x3ca ./Common/Src/system_stm32h7xx_dualcore_boot_cm4_cm7.o
 .debug_macro   0x000000000003a302      0x4a2 ./Common/Src/system_stm32h7xx_dualcore_boot_cm4_cm7.o
 .debug_macro   0x000000000003a7a4       0x51 ./Common/Src/system_stm32h7xx_dualcore_boot_cm4_cm7.o
 .debug_macro   0x000000000003a7f5       0x4a ./Common/Src/system_stm32h7xx_dualcore_boot_cm4_cm7.o
 .debug_macro   0x000000000003a83f      0x22c ./Common/Src/system_stm32h7xx_dualcore_boot_cm4_cm7.o
 .debug_macro   0x000000000003aa6b       0x67 ./Common/Src/system_stm32h7xx_dualcore_boot_cm4_cm7.o
 .debug_macro   0x000000000003aad2       0xa5 ./Common/Src/system_stm32h7xx_dualcore_boot_cm4_cm7.o
 .debug_macro   0x000000000003ab77      0x218 ./Common/Src/system_stm32h7xx_dualcore_boot_cm4_cm7.o
 .debug_macro   0x000000000003ad8f      0x2ea ./Common/Src/system_stm32h7xx_dualcore_boot_cm4_cm7.o
 .debug_macro   0x000000000003b079       0x35 ./Common/Src/system_stm32h7xx_dualcore_boot_cm4_cm7.o
 .debug_macro   0x000000000003b0ae      0x693 ./Common/Src/system_stm32h7xx_dualcore_boot_cm4_cm7.o
 .debug_macro   0x000000000003b741       0xa6 ./Common/Src/system_stm32h7xx_dualcore_boot_cm4_cm7.o
 .debug_macro   0x000000000003b7e7      0x798 ./Common/Src/system_stm32h7xx_dualcore_boot_cm4_cm7.o
 .debug_macro   0x000000000003bf7f      0x2a8 ./Core/Src/gpio.o
 .debug_macro   0x000000000003c227      0x37d ./Core/Src/main.o
 .debug_macro   0x000000000003c5a4       0x1c ./Core/Src/main.o
 .debug_macro   0x000000000003c5c0       0x35 ./Core/Src/main.o
 .debug_macro   0x000000000003c5f5       0x10 ./Core/Src/main.o
 .debug_macro   0x000000000003c605       0x10 ./Core/Src/main.o
 .debug_macro   0x000000000003c615       0x1c ./Core/Src/main.o
 .debug_macro   0x000000000003c631       0x52 ./Core/Src/main.o
 .debug_macro   0x000000000003c683       0x22 ./Core/Src/main.o
 .debug_macro   0x000000000003c6a5       0x10 ./Core/Src/main.o
 .debug_macro   0x000000000003c6b5       0x52 ./Core/Src/main.o
 .debug_macro   0x000000000003c707       0xd5 ./Core/Src/main.o
 .debug_macro   0x000000000003c7dc       0x1c ./Core/Src/main.o
 .debug_macro   0x000000000003c7f8       0x3d ./Core/Src/main.o
 .debug_macro   0x000000000003c835       0x16 ./Core/Src/main.o
 .debug_macro   0x000000000003c84b      0x145 ./Core/Src/main.o
 .debug_macro   0x000000000003c990      0x29e ./Core/Src/stm32h7xx_hal_msp.o
 .debug_macro   0x000000000003cc2e      0x2a8 ./Core/Src/stm32h7xx_it.o
 .debug_macro   0x000000000003ced6      0x24c ./Core/Src/syscalls.o
 .debug_macro   0x000000000003d122       0x4c ./Core/Src/syscalls.o
 .debug_macro   0x000000000003d16e       0x94 ./Core/Src/syscalls.o
 .debug_macro   0x000000000003d202       0x57 ./Core/Src/syscalls.o
 .debug_macro   0x000000000003d259       0x10 ./Core/Src/syscalls.o
 .debug_macro   0x000000000003d269       0x10 ./Core/Src/syscalls.o
 .debug_macro   0x000000000003d279       0x10 ./Core/Src/syscalls.o
 .debug_macro   0x000000000003d289       0x35 ./Core/Src/syscalls.o
 .debug_macro   0x000000000003d2be      0x12c ./Core/Src/syscalls.o
 .debug_macro   0x000000000003d3ea       0x16 ./Core/Src/syscalls.o
 .debug_macro   0x000000000003d400       0x16 ./Core/Src/syscalls.o
 .debug_macro   0x000000000003d416       0x29 ./Core/Src/syscalls.o
 .debug_macro   0x000000000003d43f       0x10 ./Core/Src/syscalls.o
 .debug_macro   0x000000000003d44f      0x241 ./Core/Src/syscalls.o
 .debug_macro   0x000000000003d690       0x10 ./Core/Src/syscalls.o
 .debug_macro   0x000000000003d6a0      0x189 ./Core/Src/syscalls.o
 .debug_macro   0x000000000003d829       0x16 ./Core/Src/syscalls.o
 .debug_macro   0x000000000003d83f       0xce ./Core/Src/syscalls.o
 .debug_macro   0x000000000003d90d       0xff ./Core/Src/sysmem.o
 .debug_macro   0x000000000003da0c      0x23b ./Core/Src/sysmem.o
 .debug_macro   0x000000000003dc47      0x2a8 ./Core/Src/usart.o
 .debug_macro   0x000000000003deef      0x2be ./Drivers/STM32H7xx_HAL_Driver/stm32h7xx_hal.o
 .debug_macro   0x000000000003e1ad      0x294 ./Drivers/STM32H7xx_HAL_Driver/stm32h7xx_hal_cortex.o
 .debug_macro   0x000000000003e441      0x2a8 ./Drivers/STM32H7xx_HAL_Driver/stm32h7xx_hal_gpio.o
 .debug_macro   0x000000000003e6e9      0x2a6 ./Drivers/STM32H7xx_HAL_Driver/stm32h7xx_hal_hsem.o
 .debug_macro   0x000000000003e98f      0x2cd ./Drivers/STM32H7xx_HAL_Driver/stm32h7xx_hal_pwr_ex.o
 .debug_macro   0x000000000003ec5c      0x2b8 ./Drivers/STM32H7xx_HAL_Driver/stm32h7xx_hal_rcc.o
 .debug_macro   0x000000000003ef14      0x2b2 ./Drivers/STM32H7xx_HAL_Driver/stm32h7xx_hal_rcc_ex.o
 .debug_macro   0x000000000003f1c6      0x2bf ./Drivers/STM32H7xx_HAL_Driver/stm32h7xx_hal_uart.o
 .debug_macro   0x000000000003f485      0x2a0 ./Drivers/STM32H7xx_HAL_Driver/stm32h7xx_hal_uart_ex.o

.debug_line     0x0000000000000000    0x107bd
 .debug_line    0x0000000000000000      0xa58 ./Common/Src/system_stm32h7xx_dualcore_boot_cm4_cm7.o
 .debug_line    0x0000000000000a58      0x82c ./Core/Src/gpio.o
 .debug_line    0x0000000000001284      0xa05 ./Core/Src/main.o
 .debug_line    0x0000000000001c89      0x82f ./Core/Src/stm32h7xx_hal_msp.o
 .debug_line    0x00000000000024b8      0x8f3 ./Core/Src/stm32h7xx_it.o
 .debug_line    0x0000000000002dab      0x7fe ./Core/Src/syscalls.o
 .debug_line    0x00000000000035a9      0x4f4 ./Core/Src/sysmem.o
 .debug_line    0x0000000000003a9d      0x8d1 ./Core/Src/usart.o
 .debug_line    0x000000000000436e       0x88 ./Core/Startup/startup_stm32h747xihx.o
 .debug_line    0x00000000000043f6      0xf97 ./Drivers/STM32H7xx_HAL_Driver/stm32h7xx_hal.o
 .debug_line    0x000000000000538d      0xe4a ./Drivers/STM32H7xx_HAL_Driver/stm32h7xx_hal_cortex.o
 .debug_line    0x00000000000061d7      0xcfb ./Drivers/STM32H7xx_HAL_Driver/stm32h7xx_hal_gpio.o
 .debug_line    0x0000000000006ed2      0x9fa ./Drivers/STM32H7xx_HAL_Driver/stm32h7xx_hal_hsem.o
 .debug_line    0x00000000000078cc     0x1065 ./Drivers/STM32H7xx_HAL_Driver/stm32h7xx_hal_pwr_ex.o
 .debug_line    0x0000000000008931     0x1408 ./Drivers/STM32H7xx_HAL_Driver/stm32h7xx_hal_rcc.o
 .debug_line    0x0000000000009d39     0x1d19 ./Drivers/STM32H7xx_HAL_Driver/stm32h7xx_hal_rcc_ex.o
 .debug_line    0x000000000000ba52     0x3e95 ./Drivers/STM32H7xx_HAL_Driver/stm32h7xx_hal_uart.o
 .debug_line    0x000000000000f8e7      0xed6 ./Drivers/STM32H7xx_HAL_Driver/stm32h7xx_hal_uart_ex.o

.debug_str      0x0000000000000000   0x195e13
 .debug_str     0x0000000000000000   0x18f10e ./Common/Src/system_stm32h7xx_dualcore_boot_cm4_cm7.o
                                     0x18f583 (size before relaxing)
 .debug_str     0x000000000018f10e       0x3d ./Core/Src/gpio.o
                                     0x18f16e (size before relaxing)
 .debug_str     0x000000000018f14b     0x1840 ./Core/Src/main.o
                                     0x190a3b (size before relaxing)
 .debug_str     0x000000000019098b       0x2c ./Core/Src/stm32h7xx_hal_msp.o
                                     0x18f16e (size before relaxing)
 .debug_str     0x00000000001909b7       0xc9 ./Core/Src/stm32h7xx_it.o
                                     0x18efcd (size before relaxing)
 .debug_str     0x0000000000190a80     0x1756 ./Core/Src/syscalls.o